{"type": "max_inst", "times": 1, "cycles": 4351807922, "inst": 1358950771}
{"type": "event  0", "value": 711581954}
{"type": "event  1", "value": 200007852}
{"type": "event  2", "value": 392851425}
{"type": "event  3", "value": 392633712}
{"type": "event  4", "value": 26972}
{"type": "event  5", "value": 83488087}
{"type": "event  6", "value": 83487574}
{"type": "event  7", "value": 14}
{"type": "event  8", "value": 701938339}
{"type": "event  9", "value": 1555858}
{"type": "event 10", "value": 1391996}
{"type": "event 11", "value": 160901}
{"type": "event 12", "value": 7691229}
{"type": "event 13", "value": 702255161}
{"type": "event 14", "value": 1635564}
{"type": "event 15", "value": 610096999}
{"type": "event 16", "value": 100433801}
{"type": "event 17", "value": 1051154}
{"type": "event 18", "value": 0}
{"type": "event 19", "value": 28449}
{"type": "event 20", "value": 593694391}
{"type": "event 21", "value": 83832415}
{"type": "event 22", "value": 34055148}
{"type": "event 23", "value": 788567663}
{"type": "event 24", "value": 147}
{"type": "event 25", "value": 15414005}
{"type": "event 26", "value": 170942569}
{"type": "event 27", "value": 592766185}
{"type": "event 28", "value": 2960503}
{"type": "event 29", "value": 115855266}
{"type": "event 30", "value": 475292}
{"type": "event 31", "value": 67980610}
{"type": "event 32", "value": 4767728}
{"type": "event 33", "value": 280424201}
{"type": "event 34", "value": 149845712}
{"type": "event 35", "value": 68905353}
{"type": "event 36", "value": 294593187}
{"type": "event 37", "value": 221727018}
{"type": "event 38", "value": 21611593}
{"type": "event 39", "value": 7886067}
{"type": "event 40", "value": 182877}
{"type": "event 41", "value": 182877}
{"type": "event 42", "value": 0}
{"type": "event 43", "value": 9954}
{"type": "event 44", "value": 4170}
{"type": "event 45", "value": 4170}
{"type": "event 46", "value": 0}
{"type": "event 47", "value": 67809738}
{"type": "event 48", "value": 3494757}
{"type": "event 49", "value": 7746825}
{"type": "event 50", "value": 182876}
{"type": "event 51", "value": 182876}
{"type": "event 52", "value": 0}
{"type": "event 53", "value": 9954}
{"type": "event 54", "value": 4170}
{"type": "event 55", "value": 4170}
{"type": "event 56", "value": 0}
{"type": "event 57", "value": 642670}
{"type": "event 58", "value": 0}
{"type": "event 59", "value": 0}
{"type": "event 60", "value": 0}
{"type": "event 61", "value": 86762}
{"type": "event 62", "value": 1027458}
{"type": "event 63", "value": 0}
stack addr: 0x3fcba639e8
textinfo: 2
--- load elf: alloc text memory: (0x200000, 0x241000) ---
sim slice info, start: 1227600000000, simNum: 2454720684, rawLength: 200000000, warmup: 1000000002, exitpc: 0x20122e, cause: 2
--- step 1, read npc: 0x20097e ---
--- step 2, read integer and float registers ---
--- step 3, read memory range information and do map, range num: 6 ---
the first load information is saved with data map and compressed by fastlz
rawsize: 31457864, compsize: 27138717, infonum: 7534
rawsize: 31458104, compsize: 24705438, infonum: 10965
rawsize: 31460464, compsize: 20135650, infonum: 10867
rawsize: 31458000, compsize: 19816514, infonum: 7609
rawsize: 31457680, compsize: 23758897, infonum: 9827
rawsize: 31459704, compsize: 20095239, infonum: 8775
rawsize: 31458424, compsize: 16663649, infonum: 7608
rawsize: 31457288, compsize: 19293483, infonum: 9766
rawsize: 31458472, compsize: 17729196, infonum: 8799
rawsize: 31460728, compsize: 16670334, infonum: 7632
rawsize: 31457288, compsize: 18996064, infonum: 9777
rawsize: 26510232, compsize: 18155698, infonum: 7621
--- step 4, read first load infor and init them, first load num: 45501481 ---
--- step 5, read syscall infor and map to memory, totalcallnum: 0 ---
--- step 5.1, syscall is zero, replace exitinst with jmp rtemp3 ---: 0x4018013
--- step 6, init npc to rtemp(5) and takeover_syscall addr to rtemp(6) ---
--- step 789, save registers data of boot program, set testing program registers, start testing ---
runLength is set by checkpoint file: 200000000, warmup: 1000000002
warmup: 1000000002, maxinst: 200000000, period: 1
running log file: bwaves/simpoint1_bwaves_nckpt_1228600000000_len_1200000000_warmup_1000000000_weight29.runlog
sample function addr: 0x10018b6, sp: 0x107e0f8, s0: 0x107f0f8
syscall is overflow, exit.
test program user running info, cycles: 39855432115, insts: 12468257850
test program total running info, cycles: 39855432065, insts: 12468257846
