{"type": "max_inst", "times": 1, "cycles": 2405022701, "inst": 1319463124}
{"type": "event  0", "value": 340517598}
{"type": "event  1", "value": 200006190}
{"type": "event  2", "value": 215074916}
{"type": "event  3", "value": 214038581}
{"type": "event  4", "value": 192167}
{"type": "event  5", "value": 93499993}
{"type": "event  6", "value": 93498127}
{"type": "event  7", "value": 80}
{"type": "event  8", "value": 339773453}
{"type": "event  9", "value": 278964}
{"type": "event 10", "value": 59693}
{"type": "event 11", "value": 47615}
{"type": "event 12", "value": 1650652}
{"type": "event 13", "value": 337548943}
{"type": "event 14", "value": 1318003}
{"type": "event 15", "value": 240255447}
{"type": "event 16", "value": 100060435}
{"type": "event 17", "value": 201716}
{"type": "event 18", "value": 0}
{"type": "event 19", "value": 64876654}
{"type": "event 20", "value": 229601884}
{"type": "event 21", "value": 89380726}
{"type": "event 22", "value": 21534988}
{"type": "event 23", "value": 319684058}
{"type": "event 24", "value": 3455796}
{"type": "event 25", "value": 557775}
{"type": "event 26", "value": 121990996}
{"type": "event 27", "value": 237634249}
{"type": "event 28", "value": 723326}
{"type": "event 29", "value": 102160023}
{"type": "event 30", "value": 2088921}
{"type": "event 31", "value": 53286600}
{"type": "event 32", "value": 20335316}
{"type": "event 33", "value": 131429592}
{"type": "event 34", "value": 38187463}
{"type": "event 35", "value": 16097252}
{"type": "event 36", "value": 91236234}
{"type": "event 37", "value": 6687360}
{"type": "event 38", "value": 6930465}
{"type": "event 39", "value": 227146}
{"type": "event 40", "value": 2712}
{"type": "event 41", "value": 1775}
{"type": "event 42", "value": 11}
{"type": "event 43", "value": 1761}
{"type": "event 44", "value": 560}
{"type": "event 45", "value": 48}
{"type": "event 46", "value": 11}
{"type": "event 47", "value": 53218846}
{"type": "event 48", "value": 19789504}
{"type": "event 49", "value": 223991}
{"type": "event 50", "value": 2526}
{"type": "event 51", "value": 1684}
{"type": "event 52", "value": 0}
{"type": "event 53", "value": 1673}
{"type": "event 54", "value": 489}
{"type": "event 55", "value": 17}
{"type": "event 56", "value": 0}
{"type": "event 57", "value": 3971224}
{"type": "event 58", "value": 0}
{"type": "event 59", "value": 2428}
{"type": "event 60", "value": 0}
{"type": "event 61", "value": 8815}
{"type": "event 62", "value": 103750}
{"type": "event 63", "value": 0}
stack addr: 0x3fc70d09d8
textinfo: 17
--- load elf: alloc text memory: (0x204000, 0x2c8000) ---
sim slice info, start: 1340600000000, simNum: 4098594290, rawLength: 200000000, warmup: 1000000000, exitpc: 0x2078b8, cause: 2
--- step 1, read npc: 0x20725e ---
--- step 2, read integer and float registers ---
--- step 3, read memory range information and do map, range num: 46 ---
the first load information is saved with data map and compressed by fastlz
rawsize: 31457560, compsize: 16729002, infonum: 7703
rawsize: 31459168, compsize: 17848257, infonum: 7654
rawsize: 31459152, compsize: 17692294, infonum: 7654
rawsize: 31457792, compsize: 30708590, infonum: 7753
rawsize: 31459704, compsize: 31279558, infonum: 7753
rawsize: 31458968, compsize: 30688820, infonum: 7753
rawsize: 31459704, compsize: 30338884, infonum: 7753
rawsize: 31458384, compsize: 24407168, infonum: 7712
rawsize: 8009568, compsize: 228346, infonum: 1918
--- step 4, read first load infor and init them, first load num: 31823470 ---
--- step 5, read syscall infor and map to memory, totalcallnum: 9 ---
--- step 6, init npc to rtemp(5) and takeover_syscall addr to rtemp(6) ---
--- step 789, save registers data of boot program, set testing program registers, start testing ---
runLength is set by checkpoint file: 200000000, warmup: 1000000000
warmup: 1000000000, maxinst: 200000000, period: 1
running log file: cactusADM/simpoint1_cactusADM_nckpt_1341600000000_len_1200000000_warmup_1000000000_weight61.runlog
sample function addr: 0x10018b6, sp: 0x107e0f8, s0: 0x107f0f8
--- exit the last syscall 9, and replace exit pc (0x2078b8) with jmp3 ---
syscall is overflow, exit.
test program user running info, cycles: 8062592296, insts: 4474796613
test program total running info, cycles: 8062692210, insts: 4474836108
