{"type": "max_inst", "times": 1, "cycles": 888511509, "inst": 1232355777}
{"type": "event  0", "value": 137265590}
{"type": "event  1", "value": 200001560}
{"type": "event  2", "value": 115565043}
{"type": "event  3", "value": 115488234}
{"type": "event  4", "value": 16682}
{"type": "event  5", "value": 100276066}
{"type": "event  6", "value": 100275368}
{"type": "event  7", "value": 79}
{"type": "event  8", "value": 131185330}
{"type": "event  9", "value": 138031}
{"type": "event 10", "value": 5397892}
{"type": "event 11", "value": 216940}
{"type": "event 12", "value": 1422830}
{"type": "event 13", "value": 135136003}
{"type": "event 14", "value": 706757}
{"type": "event 15", "value": 35506874}
{"type": "event 16", "value": 100715151}
{"type": "event 17", "value": 1043565}
{"type": "event 18", "value": 3}
{"type": "event 19", "value": 36698664}
{"type": "event 20", "value": 24054831}
{"type": "event 21", "value": 88866232}
{"type": "event 22", "value": 24344527}
{"type": "event 23", "value": 340734}
{"type": "event 24", "value": 110396}
{"type": "event 25", "value": 1708339}
{"type": "event 26", "value": 136334095}
{"type": "event 27", "value": 46970623}
{"type": "event 28", "value": 3585724}
{"type": "event 29", "value": 86709243}
{"type": "event 30", "value": 189279}
{"type": "event 31", "value": 38916834}
{"type": "event 32", "value": 862938}
{"type": "event 33", "value": 40081629}
{"type": "event 34", "value": 437802}
{"type": "event 35", "value": 190352}
{"type": "event 36", "value": 39708836}
{"type": "event 37", "value": 111102}
{"type": "event 38", "value": 58875}
{"type": "event 39", "value": 16221084}
{"type": "event 40", "value": 19394}
{"type": "event 41", "value": 17679}
{"type": "event 42", "value": 132}
{"type": "event 43", "value": 188848}
{"type": "event 44", "value": 210}
{"type": "event 45", "value": 48}
{"type": "event 46", "value": 19}
{"type": "event 47", "value": 38724884}
{"type": "event 48", "value": 597766}
{"type": "event 49", "value": 16135658}
{"type": "event 50", "value": 15588}
{"type": "event 51", "value": 13881}
{"type": "event 52", "value": 132}
{"type": "event 53", "value": 184693}
{"type": "event 54", "value": 204}
{"type": "event 55", "value": 42}
{"type": "event 56", "value": 19}
{"type": "event 57", "value": 1128}
{"type": "event 58", "value": 0}
{"type": "event 59", "value": 20}
{"type": "event 60", "value": 0}
{"type": "event 61", "value": 14696}
{"type": "event 62", "value": 312112}
{"type": "event 63", "value": 0}
stack addr: 0x3fe7da09e8
textinfo: 8
--- load elf: alloc text memory: (0x204000, 0x33a000) ---
sim slice info, start: 4165600000000, simNum: 167793069, rawLength: 200000000, warmup: 1000000001, exitpc: 0x23e594, cause: 2
--- step 1, read npc: 0x21f72a ---
--- step 2, read integer and float registers ---
--- step 3, read memory range information and do map, range num: 91 ---
the first load information is saved with data map and compressed by fastlz
rawsize: 783344, compsize: 463916, infonum: 346
--- step 4, read first load infor and init them, first load num: 94458 ---
--- step 5, read syscall infor and map to memory, totalcallnum: 0 ---
--- step 5.1, syscall is zero, replace exitinst with jmp rtemp3 ---: 0x4018013
--- step 6, init npc to rtemp(5) and takeover_syscall addr to rtemp(6) ---
--- step 789, save registers data of boot program, set testing program registers, start testing ---
runLength is set by checkpoint file: 200000000, warmup: 1000000001
warmup: 1000000001, maxinst: 200000000, period: 1
running log file: calculix/simpoint1_calculix_nckpt_4166600000000_len_1200000000_warmup_1000000000_weight62.runlog
sample function addr: 0x10018b6, sp: 0x107e0f8, s0: 0x107f0f8
syscall is overflow, exit.
test program user running info, cycles: 3305834359, insts: 4583958110
test program total running info, cycles: 3305834309, insts: 4583958106
