{"type": "max_inst", "times": 1, "cycles": 1502184023, "inst": 1253897840}
{"type": "event  0", "value": 228974825}
{"type": "event  1", "value": 200002557}
{"type": "event  2", "value": 145751404}
{"type": "event  3", "value": 145306352}
{"type": "event  4", "value": 60391}
{"type": "event  5", "value": 84967185}
{"type": "event  6", "value": 84866078}
{"type": "event  7", "value": 17948}
{"type": "event  8", "value": 200536815}
{"type": "event  9", "value": 18609347}
{"type": "event 10", "value": 2599281}
{"type": "event 11", "value": 425037}
{"type": "event 12", "value": 9162871}
{"type": "event 13", "value": 218266154}
{"type": "event 14", "value": 1545800}
{"type": "event 15", "value": 125523177}
{"type": "event 16", "value": 102025989}
{"type": "event 17", "value": 1425659}
{"type": "event 18", "value": 58416}
{"type": "event 19", "value": 118346632}
{"type": "event 20", "value": 119620521}
{"type": "event 21", "value": 95522221}
{"type": "event 22", "value": 13832083}
{"type": "event 23", "value": 31227612}
{"type": "event 24", "value": 2255769}
{"type": "event 25", "value": 19133450}
{"type": "event 26", "value": 205059355}
{"type": "event 27", "value": 100079122}
{"type": "event 28", "value": 13170512}
{"type": "event 29", "value": 115725191}
{"type": "event 30", "value": 8967677}
{"type": "event 31", "value": 44895572}
{"type": "event 32", "value": 12041624}
{"type": "event 33", "value": 132257774}
{"type": "event 34", "value": 57539172}
{"type": "event 35", "value": 26724495}
{"type": "event 36", "value": 58221145}
{"type": "event 37", "value": 764000}
{"type": "event 38", "value": 742963}
{"type": "event 39", "value": 11003408}
{"type": "event 40", "value": 4689856}
{"type": "event 41", "value": 4532886}
{"type": "event 42", "value": 92869}
{"type": "event 43", "value": 102316}
{"type": "event 44", "value": 18913}
{"type": "event 45", "value": 13181}
{"type": "event 46", "value": 5006}
{"type": "event 47", "value": 43684310}
{"type": "event 48", "value": 11124026}
{"type": "event 49", "value": 10728131}
{"type": "event 50", "value": 4631079}
{"type": "event 51", "value": 4476894}
{"type": "event 52", "value": 90128}
{"type": "event 53", "value": 98406}
{"type": "event 54", "value": 16310}
{"type": "event 55", "value": 10939}
{"type": "event 56", "value": 4660}
{"type": "event 57", "value": 11989}
{"type": "event 58", "value": 0}
{"type": "event 59", "value": 1}
{"type": "event 60", "value": 0}
{"type": "event 61", "value": 215559}
{"type": "event 62", "value": 2359100}
{"type": "event 63", "value": 0}
stack addr: 0x3fd87d49e8
textinfo: 24
--- load elf: alloc text memory: (0x203000, 0x419000) ---
sim slice info, start: 530000000000, simNum: 1768370185, rawLength: 200000000, warmup: 1000000000, exitpc: 0x34ef28, cause: 2
--- step 1, read npc: 0x2d09c2 ---
--- step 2, read integer and float registers ---
--- step 3, read memory range information and do map, range num: 120 ---
the first load information is saved with data map and compressed by fastlz
rawsize: 1365888, compsize: 751927, infonum: 683
--- step 4, read first load infor and init them, first load num: 163906 ---
--- step 5, read syscall infor and map to memory, totalcallnum: 0 ---
--- step 5.1, syscall is zero, replace exitinst with jmp rtemp3 ---: 0x4018013
--- step 6, init npc to rtemp(5) and takeover_syscall addr to rtemp(6) ---
--- step 789, save registers data of boot program, set testing program registers, start testing ---
runLength is set by checkpoint file: 200000000, warmup: 1000000000
warmup: 1000000000, maxinst: 200000000, period: 1
running log file: dealII/simpoint1_dealII_nckpt_531000000000_len_1200000000_warmup_1000000000_weight16.runlog
sample function addr: 0x10018b6, sp: 0x107e0f8, s0: 0x107f0f8
syscall is overflow, exit.
test program user running info, cycles: 2219183737, insts: 1849924321
test program total running info, cycles: 2219183687, insts: 1849924317
