{"type": "max_inst", "times": 1, "cycles": 1676574286, "inst": 1261346101}
{"type": "event  0", "value": 260021929}
{"type": "event  1", "value": 200002864}
{"type": "event  2", "value": 168709614}
{"type": "event  3", "value": 167815559}
{"type": "event  4", "value": 159373}
{"type": "event  5", "value": 103647801}
{"type": "event  6", "value": 103552728}
{"type": "event  7", "value": 21465}
{"type": "event  8", "value": 228649953}
{"type": "event  9", "value": 15611850}
{"type": "event 10", "value": 3757775}
{"type": "event 11", "value": 1128980}
{"type": "event 12", "value": 18517542}
{"type": "event 13", "value": 236139812}
{"type": "event 14", "value": 5364575}
{"type": "event 15", "value": 144451687}
{"type": "event 16", "value": 111416814}
{"type": "event 17", "value": 4153428}
{"type": "event 18", "value": 80}
{"type": "event 19", "value": 68754573}
{"type": "event 20", "value": 137779188}
{"type": "event 21", "value": 103213151}
{"type": "event 22", "value": 19029590}
{"type": "event 23", "value": 129904415}
{"type": "event 24", "value": 2759137}
{"type": "event 25", "value": 24608883}
{"type": "event 26", "value": 242816512}
{"type": "event 27", "value": 106429720}
{"type": "event 28", "value": 15274190}
{"type": "event 29", "value": 138318019}
{"type": "event 30", "value": 10041035}
{"type": "event 31", "value": 69835336}
{"type": "event 32", "value": 23856732}
{"type": "event 33", "value": 145837001}
{"type": "event 34", "value": 48230274}
{"type": "event 35", "value": 21937351}
{"type": "event 36", "value": 85893751}
{"type": "event 37", "value": 1873731}
{"type": "event 38", "value": 937351}
{"type": "event 39", "value": 10359095}
{"type": "event 40", "value": 5086866}
{"type": "event 41", "value": 2524129}
{"type": "event 42", "value": 2517780}
{"type": "event 43", "value": 354140}
{"type": "event 44", "value": 72213}
{"type": "event 45", "value": 6165}
{"type": "event 46", "value": 34845}
{"type": "event 47", "value": 63120293}
{"type": "event 48", "value": 12340318}
{"type": "event 49", "value": 9798442}
{"type": "event 50", "value": 3931460}
{"type": "event 51", "value": 2080338}
{"type": "event 52", "value": 1806272}
{"type": "event 53", "value": 316431}
{"type": "event 54", "value": 63647}
{"type": "event 55", "value": 5947}
{"type": "event 56", "value": 26594}
{"type": "event 57", "value": 62772}
{"type": "event 58", "value": 0}
{"type": "event 59", "value": 0}
{"type": "event 60", "value": 0}
{"type": "event 61", "value": 585832}
{"type": "event 62", "value": 11203564}
{"type": "event 63", "value": 0}
stack addr: 0x3ff11789e8
textinfo: 11
--- load elf: alloc text memory: (0x201000, 0x26a000) ---
sim slice info, start: 329000000000, simNum: 1396323728, rawLength: 200000000, warmup: 1000000000, exitpc: 0x23cb42, cause: 2
--- step 1, read npc: 0x22a648 ---
--- step 2, read integer and float registers ---
--- step 3, read memory range information and do map, range num: 149 ---
the first load information is saved with data map and compressed by fastlz
rawsize: 3047272, compsize: 1399413, infonum: 1433
--- step 4, read first load infor and init them, first load num: 366579 ---
--- step 5, read syscall infor and map to memory, totalcallnum: 0 ---
--- step 5.1, syscall is zero, replace exitinst with jmp rtemp3 ---: 0x4018013
--- step 6, init npc to rtemp(5) and takeover_syscall addr to rtemp(6) ---
--- step 789, save registers data of boot program, set testing program registers, start testing ---
runLength is set by checkpoint file: 200000000, warmup: 1000000000
warmup: 1000000000, maxinst: 200000000, period: 1
running log file: h264ref/simpoint1_h264ref_nckpt_330000000000_len_1200000000_warmup_1000000000_weight22.runlog
sample function addr: 0x10018b6, sp: 0x107e0f8, s0: 0x107f0f8
syscall is overflow, exit.
test program user running info, cycles: 1946666783, insts: 1468866796
test program total running info, cycles: 1946666733, insts: 1468866792
