{"type": "max_inst", "times": 1, "cycles": 2826820164, "inst": 1316318832}
{"type": "event  0", "value": 435452399}
{"type": "event  1", "value": 200004830}
{"type": "event  2", "value": 262992597}
{"type": "event  3", "value": 262716839}
{"type": "event  4", "value": 33879}
{"type": "event  5", "value": 92007065}
{"type": "event  6", "value": 92005922}
{"type": "event  7", "value": 43}
{"type": "event  8", "value": 434422216}
{"type": "event  9", "value": 325779}
{"type": "event 10", "value": 136918}
{"type": "event 11", "value": 141239}
{"type": "event 12", "value": 9329613}
{"type": "event 13", "value": 414652952}
{"type": "event 14", "value": 11469834}
{"type": "event 15", "value": 333493268}
{"type": "event 16", "value": 98720635}
{"type": "event 17", "value": 3238496}
{"type": "event 18", "value": 34}
{"type": "event 19", "value": 116251856}
{"type": "event 20", "value": 321350761}
{"type": "event 21", "value": 86401034}
{"type": "event 22", "value": 27700604}
{"type": "event 23", "value": 179874567}
{"type": "event 24", "value": 16970534}
{"type": "event 25", "value": 38646218}
{"type": "event 26", "value": 151167358}
{"type": "event 27", "value": 329578990}
{"type": "event 28", "value": 2642518}
{"type": "event 29", "value": 103230891}
{"type": "event 30", "value": 1269749}
{"type": "event 31", "value": 50207810}
{"type": "event 32", "value": 17328683}
{"type": "event 33", "value": 176566819}
{"type": "event 34", "value": 78503124}
{"type": "event 35", "value": 36948020}
{"type": "event 36", "value": 158950857}
{"type": "event 37", "value": 81522930}
{"type": "event 38", "value": 10117444}
{"type": "event 39", "value": 12710534}
{"type": "event 40", "value": 2756}
{"type": "event 41", "value": 2754}
{"type": "event 42", "value": 0}
{"type": "event 43", "value": 93897}
{"type": "event 44", "value": 15}
{"type": "event 45", "value": 15}
{"type": "event 46", "value": 0}
{"type": "event 47", "value": 50122240}
{"type": "event 48", "value": 17218055}
{"type": "event 49", "value": 12705321}
{"type": "event 50", "value": 2744}
{"type": "event 51", "value": 2744}
{"type": "event 52", "value": 0}
{"type": "event 53", "value": 93844}
{"type": "event 54", "value": 10}
{"type": "event 55", "value": 10}
{"type": "event 56", "value": 0}
{"type": "event 57", "value": 313266}
{"type": "event 58", "value": 0}
{"type": "event 59", "value": 0}
{"type": "event 60", "value": 0}
{"type": "event 61", "value": 2179}
{"type": "event 62", "value": 36198}
{"type": "event 63", "value": 0}
stack addr: 0x3fc828a9e8
textinfo: 12
--- load elf: alloc text memory: (0x202000, 0x27b000) ---
sim slice info, start: 200600000000, simNum: 1200000000, rawLength: 200000000, warmup: 1000000000, exitpc: 0x0, cause: 2
--- step 1, read npc: 0x2065dc ---
--- step 2, read integer and float registers ---
--- step 3, read memory range information and do map, range num: 53 ---
the first load information is saved with data map and compressed by fastlz
rawsize: 31457368, compsize: 24137225, infonum: 9213
rawsize: 13063328, compsize: 8466049, infonum: 3287
--- step 4, read first load infor and init them, first load num: 5440087 ---
--- step 5, read syscall infor and map to memory, totalcallnum: 4 ---
--- step 6, init npc to rtemp(5) and takeover_syscall addr to rtemp(6) ---
--- step 789, save registers data of boot program, set testing program registers, start testing ---
runLength is set by checkpoint file: 200000000, warmup: 1000000000
warmup: 1000000000, maxinst: 200000000, period: 1
running log file: leslie3d/simpoint1_leslie3d_nckpt_201600000000_len_1200000000_warmup_1000000000_weight9.runlog
sample function addr: 0x10018b6, sp: 0x107e0f8, s0: 0x107f0f8
syscall is overflow, exit.
test program user running info, cycles: 3544290707, insts: 1648847107
test program total running info, cycles: 3544292155, insts: 1648847320
