{"type": "max_inst", "times": 1, "cycles": 2203759186, "inst": 1301493704}
{"type": "event  0", "value": 328532994}
{"type": "event  1", "value": 200003675}
{"type": "event  2", "value": 207651522}
{"type": "event  3", "value": 207571091}
{"type": "event  4", "value": 9717}
{"type": "event  5", "value": 93695942}
{"type": "event  6", "value": 93695355}
{"type": "event  7", "value": 26}
{"type": "event  8", "value": 320381500}
{"type": "event  9", "value": 4441763}
{"type": "event 10", "value": 3540559}
{"type": "event 11", "value": 48392}
{"type": "event 12", "value": 1102959}
{"type": "event 13", "value": 326270836}
{"type": "event 14", "value": 1159199}
{"type": "event 15", "value": 227909790}
{"type": "event 16", "value": 99403364}
{"type": "event 17", "value": 1219840}
{"type": "event 18", "value": 0}
{"type": "event 19", "value": 17527260}
{"type": "event 20", "value": 214575378}
{"type": "event 21", "value": 86058298}
{"type": "event 22", "value": 27899318}
{"type": "event 23", "value": 154879855}
{"type": "event 24", "value": 121108191}
{"type": "event 25", "value": 3998274}
{"type": "event 26", "value": 157582819}
{"type": "event 27", "value": 214661407}
{"type": "event 28", "value": 4380474}
{"type": "event 29", "value": 109491113}
{"type": "event 30", "value": 2799369}
{"type": "event 31", "value": 56679551}
{"type": "event 32", "value": 32040393}
{"type": "event 33", "value": 135308392}
{"type": "event 34", "value": 38888920}
{"type": "event 35", "value": 14371277}
{"type": "event 36", "value": 137199710}
{"type": "event 37", "value": 38750558}
{"type": "event 38", "value": 5474440}
{"type": "event 39", "value": 12943040}
{"type": "event 40", "value": 2101732}
{"type": "event 41", "value": 2101731}
{"type": "event 42", "value": 1}
{"type": "event 43", "value": 2220}
{"type": "event 44", "value": 1600}
{"type": "event 45", "value": 1600}
{"type": "event 46", "value": 0}
{"type": "event 47", "value": 56678267}
{"type": "event 48", "value": 29613356}
{"type": "event 49", "value": 12942959}
{"type": "event 50", "value": 2101249}
{"type": "event 51", "value": 2101249}
{"type": "event 52", "value": 0}
{"type": "event 53", "value": 2216}
{"type": "event 54", "value": 1599}
{"type": "event 55", "value": 1599}
{"type": "event 56", "value": 0}
{"type": "event 57", "value": 530582}
{"type": "event 58", "value": 0}
{"type": "event 59", "value": 0}
{"type": "event 60", "value": 0}
{"type": "event 61", "value": 40}
{"type": "event 62", "value": 4}
{"type": "event 63", "value": 0}
stack addr: 0x3fe83bf9f8
textinfo: 3
--- load elf: alloc text memory: (0x20a000, 0x22c000) ---
sim slice info, start: 786200000000, simNum: 1248529601, rawLength: 200000000, warmup: 1000000000, exitpc: 0x20b3a0, cause: 2
--- step 1, read npc: 0x20c226 ---
--- step 2, read integer and float registers ---
--- step 3, read memory range information and do map, range num: 9 ---
the first load information is saved with data map and compressed by fastlz
rawsize: 31457352, compsize: 31361960, infonum: 11672
rawsize: 31458528, compsize: 30824585, infonum: 17247
rawsize: 31458528, compsize: 30825293, infonum: 17247
rawsize: 31458528, compsize: 30823790, infonum: 17247
rawsize: 31458528, compsize: 30822949, infonum: 17247
rawsize: 11267600, compsize: 11046528, infonum: 4773
--- step 4, read first load infor and init them, first load num: 20215553 ---
--- step 5, read syscall infor and map to memory, totalcallnum: 0 ---
--- step 5.1, syscall is zero, replace exitinst with jmp rtemp3 ---: 0x4018013
--- step 6, init npc to rtemp(5) and takeover_syscall addr to rtemp(6) ---
--- step 789, save registers data of boot program, set testing program registers, start testing ---
runLength is set by checkpoint file: 200000000, warmup: 1000000000
warmup: 1000000000, maxinst: 200000000, period: 1
running log file: milc/simpoint1_milc_nckpt_787200000000_len_1200000000_warmup_1000000000_weight18.runlog
sample function addr: 0x10018b6, sp: 0x107e0f8, s0: 0x107f0f8
syscall is overflow, exit.
test program user running info, cycles: 2273453804, insts: 1353786028
test program total running info, cycles: 2273453754, insts: 1353786024
