{"type": "max_inst", "times": 1, "cycles": 2721979703, "inst": 1299159734}
{"type": "event  0", "value": 414334873}
{"type": "event  1", "value": 200004578}
{"type": "event  2", "value": 237972164}
{"type": "event  3", "value": 230600056}
{"type": "event  4", "value": 1672960}
{"type": "event  5", "value": 158940651}
{"type": "event  6", "value": 156491961}
{"type": "event  7", "value": 344656}
{"type": "event  8", "value": 326410155}
{"type": "event  9", "value": 35679390}
{"type": "event 10", "value": 13118432}
{"type": "event 11", "value": 4939304}
{"type": "event 12", "value": 59250239}
{"type": "event 13", "value": 336003386}
{"type": "event 14", "value": 19081248}
{"type": "event 15", "value": 272036448}
{"type": "event 16", "value": 131767055}
{"type": "event 17", "value": 10531370}
{"type": "event 18", "value": 1937}
{"type": "event 19", "value": 4418211}
{"type": "event 20", "value": 263812279}
{"type": "event 21", "value": 118360782}
{"type": "event 22", "value": 32161812}
{"type": "event 23", "value": 212480223}
{"type": "event 24", "value": 35569059}
{"type": "event 25", "value": 50773667}
{"type": "event 26", "value": 254547762}
{"type": "event 27", "value": 234311171}
{"type": "event 28", "value": 14658409}
{"type": "event 29", "value": 165365293}
{"type": "event 30", "value": 20340250}
{"type": "event 31", "value": 81497246}
{"type": "event 32", "value": 51566378}
{"type": "event 33", "value": 214203593}
{"type": "event 34", "value": 75900514}
{"type": "event 35", "value": 32205264}
{"type": "event 36", "value": 128169100}
{"type": "event 37", "value": 12175465}
{"type": "event 38", "value": 6086278}
{"type": "event 39", "value": 21055976}
{"type": "event 40", "value": 7326023}
{"type": "event 41", "value": 5926338}
{"type": "event 42", "value": 1377281}
{"type": "event 43", "value": 1705555}
{"type": "event 44", "value": 677489}
{"type": "event 45", "value": 146008}
{"type": "event 46", "value": 514040}
{"type": "event 47", "value": 63288680}
{"type": "event 48", "value": 30625092}
{"type": "event 49", "value": 17934187}
{"type": "event 50", "value": 6197291}
{"type": "event 51", "value": 4823784}
{"type": "event 52", "value": 1351783}
{"type": "event 53", "value": 1092549}
{"type": "event 54", "value": 596933}
{"type": "event 55", "value": 78709}
{"type": "event 56", "value": 500819}
{"type": "event 57", "value": 657469}
{"type": "event 58", "value": 0}
{"type": "event 59", "value": 0}
{"type": "event 60", "value": 0}
{"type": "event 61", "value": 1100810}
{"type": "event 62", "value": 11463426}
{"type": "event 63", "value": 0}
stack addr: 0x3ffc3a39e8
textinfo: 27
--- load elf: alloc text memory: (0x200000, 0x2e0000) ---
sim slice info, start: 738800000000, simNum: 1319907628, rawLength: 200000000, warmup: 1000000000, exitpc: 0x295980, cause: 2
--- step 1, read npc: 0x22e2a4 ---
--- step 2, read integer and float registers ---
--- step 3, read memory range information and do map, range num: 39 ---
the first load information is saved with data map and compressed by fastlz
rawsize: 169648, compsize: 101928, infonum: 220
--- step 4, read first load infor and init them, first load num: 19006 ---
--- step 5, read syscall infor and map to memory, totalcallnum: 51 ---
--- step 6, init npc to rtemp(5) and takeover_syscall addr to rtemp(6) ---
--- step 789, save registers data of boot program, set testing program registers, start testing ---
runLength is set by checkpoint file: 200000000, warmup: 1000000000
warmup: 1000000000, maxinst: 200000000, period: 1
running log file: povray/simpoint1_povray_nckpt_739800000000_len_1200000000_warmup_1000000000_weight16.runlog
sample function addr: 0x10018b6, sp: 0x107e0f8, s0: 0x107f0f8
--- exit the last syscall 51, and replace exit pc (0x295980) with jmp3 ---
syscall is overflow, exit.
test program user running info, cycles: 2991311892, insts: 1429770929
test program total running info, cycles: 2991740497, insts: 1429939060
