{"type": "max_inst", "times": 1, "cycles": 1781161172, "inst": 1287816044}
{"type": "event  0", "value": 256596945}
{"type": "event  1", "value": 200004817}
{"type": "event  2", "value": 173804444}
{"type": "event  3", "value": 168482314}
{"type": "event  4", "value": 1260851}
{"type": "event  5", "value": 151301455}
{"type": "event  6", "value": 151290439}
{"type": "event  7", "value": 1026}
{"type": "event  8", "value": 207337647}
{"type": "event  9", "value": 22712887}
{"type": "event 10", "value": 15244878}
{"type": "event 11", "value": 4535976}
{"type": "event 12", "value": 39001416}
{"type": "event 13", "value": 190676543}
{"type": "event 14", "value": 26918986}
{"type": "event 15", "value": 112489853}
{"type": "event 16", "value": 120318047}
{"type": "event 17", "value": 23789045}
{"type": "event 18", "value": 1402380}
{"type": "event 19", "value": 28332742}
{"type": "event 20", "value": 110229910}
{"type": "event 21", "value": 113524237}
{"type": "event 22", "value": 32842798}
{"type": "event 23", "value": 16965826}
{"type": "event 24", "value": 21850160}
{"type": "event 25", "value": 17125724}
{"type": "event 26", "value": 267246231}
{"type": "event 27", "value": 96908326}
{"type": "event 28", "value": 20015767}
{"type": "event 29", "value": 139672852}
{"type": "event 30", "value": 16475687}
{"type": "event 31", "value": 47054031}
{"type": "event 32", "value": 21100242}
{"type": "event 33", "value": 109526442}
{"type": "event 34", "value": 37447160}
{"type": "event 35", "value": 17902982}
{"type": "event 36", "value": 60586991}
{"type": "event 37", "value": 1766265}
{"type": "event 38", "value": 1720938}
{"type": "event 39", "value": 35348104}
{"type": "event 40", "value": 3172137}
{"type": "event 41", "value": 1748043}
{"type": "event 42", "value": 475913}
{"type": "event 43", "value": 2274879}
{"type": "event 44", "value": 885632}
{"type": "event 45", "value": 23018}
{"type": "event 46", "value": 309253}
{"type": "event 47", "value": 39430134}
{"type": "event 48", "value": 13128091}
{"type": "event 49", "value": 31762465}
{"type": "event 50", "value": 3002013}
{"type": "event 51", "value": 1586253}
{"type": "event 52", "value": 473958}
{"type": "event 53", "value": 1674746}
{"type": "event 54", "value": 880172}
{"type": "event 55", "value": 20085}
{"type": "event 56", "value": 308475}
{"type": "event 57", "value": 76797}
{"type": "event 58", "value": 0}
{"type": "event 59", "value": 1964}
{"type": "event 60", "value": 0}
{"type": "event 61", "value": 174133}
{"type": "event 62", "value": 2590160}
{"type": "event 63", "value": 0}
stack addr: 0x3fd286e9e8
textinfo: 4
--- load elf: alloc text memory: (0x201000, 0x25a000) ---
sim slice info, start: 1371000000000, simNum: 1334363342, rawLength: 200000000, warmup: 1000000000, exitpc: 0x2020c2, cause: 2
--- step 1, read npc: 0x208a82 ---
--- step 2, read integer and float registers ---
--- step 3, read memory range information and do map, range num: 202 ---
the first load information is saved with data map and compressed by fastlz
rawsize: 4648480, compsize: 2566712, infonum: 25192
--- step 4, read first load infor and init them, first load num: 329140 ---
--- step 5, read syscall infor and map to memory, totalcallnum: 0 ---
--- step 5.1, syscall is zero, replace exitinst with jmp rtemp3 ---: 0x4018013
--- step 6, init npc to rtemp(5) and takeover_syscall addr to rtemp(6) ---
--- step 789, save registers data of boot program, set testing program registers, start testing ---
runLength is set by checkpoint file: 200000000, warmup: 1000000000
warmup: 1000000000, maxinst: 200000000, period: 1
running log file: sjeng/simpoint1_sjeng_nckpt_1372000000000_len_1200000000_warmup_1000000000_weight16.runlog
sample function addr: 0x10018b6, sp: 0x107e0f8, s0: 0x107f0f8
syscall is overflow, exit.
test program user running info, cycles: 1980665983, insts: 1432869551
test program total running info, cycles: 1980665933, insts: 1432869547
