{"type": "max_inst", "times": 1, "cycles": 2714621062, "inst": 1300908480}
{"type": "event  0", "value": 406644216}
{"type": "event  1", "value": 200004529}
{"type": "event  2", "value": 209754576}
{"type": "event  3", "value": 193775581}
{"type": "event  4", "value": 3428323}
{"type": "event  5", "value": 167049205}
{"type": "event  6", "value": 153165609}
{"type": "event  7", "value": 2950501}
{"type": "event  8", "value": 295130017}
{"type": "event  9", "value": 32895014}
{"type": "event 10", "value": 33113796}
{"type": "event 11", "value": 8867876}
{"type": "event 12", "value": 83768680}
{"type": "event 13", "value": 276291454}
{"type": "event 14", "value": 46584082}
{"type": "event 15", "value": 275033672}
{"type": "event 16", "value": 106289799}
{"type": "event 17", "value": 25320745}
{"type": "event 18", "value": 32672226}
{"type": "event 19", "value": 1116572}
{"type": "event 20", "value": 270393132}
{"type": "event 21", "value": 99074660}
{"type": "event 22", "value": 37176424}
{"type": "event 23", "value": 113425878}
{"type": "event 24", "value": 15161233}
{"type": "event 25", "value": 36898866}
{"type": "event 26", "value": 272351859}
{"type": "event 27", "value": 228067181}
{"type": "event 28", "value": 17005353}
{"type": "event 29", "value": 161571682}
{"type": "event 30", "value": 37216365}
{"type": "event 31", "value": 69822947}
{"type": "event 32", "value": 29505464}
{"type": "event 33", "value": 150738173}
{"type": "event 34", "value": 44334011}
{"type": "event 35", "value": 19226847}
{"type": "event 36", "value": 133065875}
{"type": "event 37", "value": 37983071}
{"type": "event 38", "value": 9473907}
{"type": "event 39", "value": 52732239}
{"type": "event 40", "value": 6718170}
{"type": "event 41", "value": 4928209}
{"type": "event 42", "value": 1202570}
{"type": "event 43", "value": 724198}
{"type": "event 44", "value": 1738712}
{"type": "event 45", "value": 611301}
{"type": "event 46", "value": 724217}
{"type": "event 47", "value": 62237150}
{"type": "event 48", "value": 17294819}
{"type": "event 49", "value": 50523991}
{"type": "event 50", "value": 5752299}
{"type": "event 51", "value": 4087870}
{"type": "event 52", "value": 1110090}
{"type": "event 53", "value": 351933}
{"type": "event 54", "value": 1452471}
{"type": "event 55", "value": 380201}
{"type": "event 56", "value": 678819}
{"type": "event 57", "value": 1325520}
{"type": "event 58", "value": 0}
{"type": "event 59", "value": 11}
{"type": "event 60", "value": 0}
{"type": "event 61", "value": 328414}
{"type": "event 62", "value": 3844496}
{"type": "event 63", "value": 0}
stack addr: 0x3fe99299d8
textinfo: 35
--- load elf: alloc text memory: (0x2d8000, 0x459000) ---
sim slice info, start: 639800000000, simNum: 1208262983, rawLength: 200000000, warmup: 1000000000, exitpc: 0x373e88, cause: 2
--- step 1, read npc: 0x3048bc ---
--- step 2, read integer and float registers ---
--- step 3, read memory range information and do map, range num: 7617 ---
the first load information is saved with data map and compressed by fastlz
rawsize: 4724304, compsize: 1402440, infonum: 31113
--- step 4, read first load infor and init them, first load num: 279408 ---
--- step 5, read syscall infor and map to memory, totalcallnum: 160 ---
--- step 6, init npc to rtemp(5) and takeover_syscall addr to rtemp(6) ---
--- step 789, save registers data of boot program, set testing program registers, start testing ---
runLength is set by checkpoint file: 200000000, warmup: 1000000000
warmup: 1000000000, maxinst: 200000000, period: 1
running log file: xalancbmk/simpoint1_xalancbmk_nckpt_640800000000_len_1200000000_warmup_1000000000_weight20.runlog
sample function addr: 0x10018b6, sp: 0x107e0f8, s0: 0x107f0f8
--- exit the last syscall 160, and replace exit pc (0x373e88) with jmp3 ---
syscall is overflow, exit.
test program user running info, cycles: 2730693674, insts: 1311015041
test program total running info, cycles: 2730753931, insts: 1311024947
