{"type": "max_inst", "times": 1, "cycles": 2432229507, "inst": 1290992812}
{"type": "event  0", "value": 361845688}
{"type": "event  1", "value": 200004039}
{"type": "event  2", "value": 34461956}
{"type": "event  3", "value": 45088611}
{"type": "event  4", "value": 154103509}
{"type": "event  5", "value": 46356537}
{"type": "event  6", "value": 22225682}
{"type": "event  7", "value": 96246320}
{"type": "event  8", "value": 5309939}
{"type": "event  9", "value": 3665379}
{"type": "event 10", "value": 45272177}
{"type": "event 11", "value": 32636544}
{"type": "event 12", "value": 455006}
{"type": "event 13", "value": 0}
{"type": "event 14", "value": 23}
{"type": "event 15", "value": 516506}
{"type": "event 16", "value": 23875277}
{"type": "event 17", "value": 6803393}
{"type": "event 18", "value": 0}
{"type": "event 19", "value": 37025873}
{"type": "event 20", "value": 57893238}
{"type": "event 21", "value": 0}
{"type": "event 22", "value": 8626048}
{"type": "event 23", "value": 0}
{"type": "event 24", "value": 303497}
{"type": "event 25", "value": 5571493}
{"type": "event 26", "value": 0}
{"type": "event 27", "value": 0}
{"type": "event 28", "value": 0}
{"type": "event 29", "value": 0}
{"type": "event 30", "value": 0}
{"type": "event 31", "value": 0}
{"type": "event 32", "value": 0}
{"type": "event 33", "value": 0}
{"type": "event 34", "value": 0}
{"type": "event 35", "value": 0}
{"type": "event 36", "value": 0}
{"type": "event 37", "value": 0}
{"type": "event 38", "value": 0}
{"type": "event 39", "value": 0}
{"type": "event 40", "value": 0}
{"type": "event 41", "value": 0}
{"type": "event 42", "value": 0}
{"type": "event 43", "value": 0}
{"type": "event 44", "value": 0}
{"type": "event 45", "value": 0}
{"type": "event 46", "value": 0}
{"type": "event 47", "value": 0}
{"type": "event 48", "value": 0}
{"type": "event 49", "value": 0}
{"type": "event 50", "value": 0}
{"type": "event 51", "value": 0}
{"type": "event 52", "value": 0}
{"type": "event 53", "value": 0}
{"type": "event 54", "value": 0}
{"type": "event 55", "value": 0}
{"type": "event 56", "value": 0}
{"type": "event 57", "value": 0}
{"type": "event 58", "value": 0}
{"type": "event 59", "value": 0}
{"type": "event 60", "value": 0}
{"type": "event 61", "value": 0}
{"type": "event 62", "value": 0}
{"type": "event 63", "value": 0}
stack addr: 0x3fff1709f8
textinfo: 40
--- load elf: alloc text memory: (0x200000, 0x3f1000) ---
sim slice info, start: 41600000000, simNum: 1200465175, rawLength: 200000000, warmup: 1000000000, exitpc: 0x2be8ce, cause: 2
--- step 1, read npc: 0x338e0e ---
--- step 2, read integer and float registers ---
--- step 3, read memory range information and do map, range num: 323 ---
the first load information is saved with data map and compressed by fastlz
rawsize: 19728800, compsize: 7504016, infonum: 20251
--- step 4, read first load infor and init them, first load num: 2263590 ---
--- step 5, read syscall infor and map to memory, totalcallnum: 73 ---
--- step 6, init npc to rtemp(5) and takeover_syscall addr to rtemp(6) ---
--- step 789, save registers data of boot program, set testing program registers, start testing ---
runLength is set by checkpoint file: 200000000, warmup: 1000000000
warmup: 1000000000, maxinst: 200000000, period: 1
running log file: gcc/simpoint1_gcc_nckpt_42600000000_len_1200000000_warmup_1000000000_weight19.runlog
sample function addr: 0x10018b6, sp: 0x107e0f8, s0: 0x107f0f8
--- exit the last syscall 73, and replace exit pc (0x2be8ce) with jmp3 ---
syscall is overflow, exit.
test program user running info, cycles: 2434802490, insts: 1292556616
test program total running info, cycles: 2435440314, insts: 1292792096
