{"type": "max_inst", "times": 1, "cycles": 1800818015, "inst": 1266431262}
{"type": "event  0", "value": 274801520}
{"type": "event  1", "value": 200003089}
{"type": "event  2", "value": 34502721}
{"type": "event  3", "value": 37917341}
{"type": "event  4", "value": 133436557}
{"type": "event  5", "value": 38254464}
{"type": "event  6", "value": 20714681}
{"type": "event  7", "value": 94822558}
{"type": "event  8", "value": 12706694}
{"type": "event  9", "value": 3214572}
{"type": "event 10", "value": 46632945}
{"type": "event 11", "value": 18703305}
{"type": "event 12", "value": 90425}
{"type": "event 13", "value": 0}
{"type": "event 14", "value": 26}
{"type": "event 15", "value": 490700}
{"type": "event 16", "value": 23923405}
{"type": "event 17", "value": 9435689}
{"type": "event 18", "value": 0}
{"type": "event 19", "value": 33683683}
{"type": "event 20", "value": 48244858}
{"type": "event 21", "value": 0}
{"type": "event 22", "value": 7321352}
{"type": "event 23", "value": 0}
{"type": "event 24", "value": 2100517}
{"type": "event 25", "value": 8187906}
{"type": "event 26", "value": 0}
{"type": "event 27", "value": 0}
{"type": "event 28", "value": 0}
{"type": "event 29", "value": 0}
{"type": "event 30", "value": 0}
{"type": "event 31", "value": 0}
{"type": "event 32", "value": 0}
{"type": "event 33", "value": 0}
{"type": "event 34", "value": 0}
{"type": "event 35", "value": 0}
{"type": "event 36", "value": 0}
{"type": "event 37", "value": 0}
{"type": "event 38", "value": 0}
{"type": "event 39", "value": 0}
{"type": "event 40", "value": 0}
{"type": "event 41", "value": 0}
{"type": "event 42", "value": 0}
{"type": "event 43", "value": 0}
{"type": "event 44", "value": 0}
{"type": "event 45", "value": 0}
{"type": "event 46", "value": 0}
{"type": "event 47", "value": 0}
{"type": "event 48", "value": 0}
{"type": "event 49", "value": 0}
{"type": "event 50", "value": 0}
{"type": "event 51", "value": 0}
{"type": "event 52", "value": 0}
{"type": "event 53", "value": 0}
{"type": "event 54", "value": 0}
{"type": "event 55", "value": 0}
{"type": "event 56", "value": 0}
{"type": "event 57", "value": 0}
{"type": "event 58", "value": 0}
{"type": "event 59", "value": 0}
{"type": "event 60", "value": 0}
{"type": "event 61", "value": 0}
{"type": "event 62", "value": 0}
{"type": "event 63", "value": 0}
stack addr: 0x3fc3e839e8
textinfo: 3
--- load elf: alloc text memory: (0x200000, 0x222000) ---
sim slice info, start: 127200000000, simNum: 1631211016, rawLength: 200000000, warmup: 1000000000, exitpc: 0x201db4, cause: 2
--- step 1, read npc: 0x201ee6 ---
--- step 2, read integer and float registers ---
--- step 3, read memory range information and do map, range num: 9 ---
the first load information is saved with data map and compressed by fastlz
rawsize: 4190568, compsize: 1861911, infonum: 1084
--- step 4, read first load infor and init them, first load num: 512981 ---
--- step 5, read syscall infor and map to memory, totalcallnum: 0 ---
--- step 5.1, syscall is zero, replace exitinst with jmp rtemp3 ---: 0x4018013
--- step 6, init npc to rtemp(5) and takeover_syscall addr to rtemp(6) ---
--- step 789, save registers data of boot program, set testing program registers, start testing ---
runLength is set by checkpoint file: 200000000, warmup: 1000000000
warmup: 1000000000, maxinst: 200000000, period: 1
running log file: bzip2/simpoint1_bzip2_nckpt_128200000000_len_1200000000_warmup_1000000000_weight17.runlog
sample function addr: 0x10018b6, sp: 0x107e0f8, s0: 0x107f0f8
syscall is overflow, exit.
test program user running info, cycles: 2461570600, insts: 1722923564
test program total running info, cycles: 2461570550, insts: 1722923560
