{"type": "max_inst", "times": 1, "cycles": 2682784771, "inst": 1300123573}
{"type": "event  0", "value": 401686929}
{"type": "event  1", "value": 200004476}
{"type": "event  2", "value": 25489708}
{"type": "event  3", "value": 29453492}
{"type": "event  4", "value": 147442525}
{"type": "event  5", "value": 40764162}
{"type": "event  6", "value": 18748355}
{"type": "event  7", "value": 134277621}
{"type": "event  8", "value": 39610755}
{"type": "event  9", "value": 9434746}
{"type": "event 10", "value": 62237151}
{"type": "event 11", "value": 17294820}
{"type": "event 12", "value": 1325911}
{"type": "event 13", "value": 0}
{"type": "event 14", "value": 11}
{"type": "event 15", "value": 292822}
{"type": "event 16", "value": 44480468}
{"type": "event 17", "value": 6605104}
{"type": "event 18", "value": 0}
{"type": "event 19", "value": 30787971}
{"type": "event 20", "value": 107164518}
{"type": "event 21", "value": 0}
{"type": "event 22", "value": 15100440}
{"type": "event 23", "value": 0}
{"type": "event 24", "value": 78935}
{"type": "event 25", "value": 0}
{"type": "event 26", "value": 0}
{"type": "event 27", "value": 0}
{"type": "event 28", "value": 0}
{"type": "event 29", "value": 0}
{"type": "event 30", "value": 0}
{"type": "event 31", "value": 0}
{"type": "event 32", "value": 0}
{"type": "event 33", "value": 0}
{"type": "event 34", "value": 0}
{"type": "event 35", "value": 0}
{"type": "event 36", "value": 0}
{"type": "event 37", "value": 0}
{"type": "event 38", "value": 0}
{"type": "event 39", "value": 0}
{"type": "event 40", "value": 0}
{"type": "event 41", "value": 0}
{"type": "event 42", "value": 0}
{"type": "event 43", "value": 0}
{"type": "event 44", "value": 0}
{"type": "event 45", "value": 0}
{"type": "event 46", "value": 0}
{"type": "event 47", "value": 0}
{"type": "event 48", "value": 0}
{"type": "event 49", "value": 0}
{"type": "event 50", "value": 0}
{"type": "event 51", "value": 0}
{"type": "event 52", "value": 0}
{"type": "event 53", "value": 0}
{"type": "event 54", "value": 0}
{"type": "event 55", "value": 0}
{"type": "event 56", "value": 0}
{"type": "event 57", "value": 0}
{"type": "event 58", "value": 0}
{"type": "event 59", "value": 0}
{"type": "event 60", "value": 0}
{"type": "event 61", "value": 0}
{"type": "event 62", "value": 0}
{"type": "event 63", "value": 0}
stack addr: 0x3ff61689d8
textinfo: 35
--- load elf: alloc text memory: (0x2d8000, 0x459000) ---
sim slice info, start: 639800000000, simNum: 1208262983, rawLength: 200000000, warmup: 1000000000, exitpc: 0x373e88, cause: 2
--- step 1, read npc: 0x3048bc ---
--- step 2, read integer and float registers ---
--- step 3, read memory range information and do map, range num: 7617 ---
the first load information is saved with data map and compressed by fastlz
rawsize: 4724304, compsize: 1402440, infonum: 31113
--- step 4, read first load infor and init them, first load num: 279408 ---
--- step 5, read syscall infor and map to memory, totalcallnum: 160 ---
--- step 6, init npc to rtemp(5) and takeover_syscall addr to rtemp(6) ---
--- step 789, save registers data of boot program, set testing program registers, start testing ---
runLength is set by checkpoint file: 200000000, warmup: 1000000000
warmup: 1000000000, maxinst: 200000000, period: 1
running log file: xalancbmk/simpoint1_xalancbmk_nckpt_640800000000_len_1200000000_warmup_1000000000_weight20.runlog
sample function addr: 0x10018b6, sp: 0x107e0f8, s0: 0x107f0f8
--- exit the last syscall 160, and replace exit pc (0x373e88) with jmp3 ---
syscall is overflow, exit.
test program user running info, cycles: 2698742636, insts: 1310208877
test program total running info, cycles: 2698820603, insts: 1310225492
