{"type": "max_inst", "times": 1, "cycles": 2394278036, "inst": 1287588527}
{"type": "event  0", "value": 364632795}
{"type": "event  1", "value": 200004007}
{"type": "event  2", "value": 218469801}
{"type": "event  3", "value": 218400324}
{"type": "event  4", "value": 11380}
{"type": "event  5", "value": 126818463}
{"type": "event  6", "value": 126817530}
{"type": "event  7", "value": 63}
{"type": "event  8", "value": 310043822}
{"type": "event  9", "value": 6926847}
{"type": "event 10", "value": 9112779}
{"type": "event 11", "value": 2603337}
{"type": "event 12", "value": 53293548}
{"type": "event 13", "value": 296984674}
{"type": "event 14", "value": 14354573}
{"type": "event 15", "value": 234574312}
{"type": "event 16", "value": 117724968}
{"type": "event 17", "value": 12333515}
{"type": "event 18", "value": 2484}
{"type": "event 19", "value": 4769948}
{"type": "event 20", "value": 225300838}
{"type": "event 21", "value": 104287714}
{"type": "event 22", "value": 35044243}
{"type": "event 23", "value": 202218613}
{"type": "event 24", "value": 440973}
{"type": "event 25", "value": 73413305}
{"type": "event 26", "value": 259143710}
{"type": "event 27", "value": 181930055}
{"type": "event 28", "value": 12168999}
{"type": "event 29", "value": 170533741}
{"type": "event 30", "value": 19107698}
{"type": "event 31", "value": 75841480}
{"type": "event 32", "value": 33815997}
{"type": "event 33", "value": 195661363}
{"type": "event 34", "value": 69027016}
{"type": "event 35", "value": 32233591}
{"type": "event 36", "value": 103004948}
{"type": "event 37", "value": 830492}
{"type": "event 38", "value": 1656574}
{"type": "event 39", "value": 28771954}
{"type": "event 40", "value": 1880289}
{"type": "event 41", "value": 1880287}
{"type": "event 42", "value": 0}
{"type": "event 43", "value": 1248017}
{"type": "event 44", "value": 3902}
{"type": "event 45", "value": 3900}
{"type": "event 46", "value": 0}
{"type": "event 47", "value": 56479571}
{"type": "event 48", "value": 26913485}
{"type": "event 49", "value": 24916032}
{"type": "event 50", "value": 1626103}
{"type": "event 51", "value": 1626101}
{"type": "event 52", "value": 0}
{"type": "event 53", "value": 1184906}
{"type": "event 54", "value": 3872}
{"type": "event 55", "value": 3870}
{"type": "event 56", "value": 0}
{"type": "event 57", "value": 105246}
{"type": "event 58", "value": 0}
{"type": "event 59", "value": 4}
{"type": "event 60", "value": 0}
{"type": "event 61", "value": 1309813}
{"type": "event 62", "value": 11136937}
{"type": "event 63", "value": 0}
stack addr: 0x3ffbbf99e8
textinfo: 4
--- load elf: alloc text memory: (0x200000, 0x22f000) ---
sim slice info, start: 300200000000, simNum: 1137933639, rawLength: 200000000, warmup: 1000000001, exitpc: 0x22a200, cause: 2
--- step 1, read npc: 0x203d9c ---
--- step 2, read integer and float registers ---
--- step 3, read memory range information and do map, range num: 25 ---
the first load information is saved with data map and compressed by fastlz
rawsize: 1606616, compsize: 330553, infonum: 671
--- step 4, read first load infor and init them, first load num: 194117 ---
--- step 5, read syscall infor and map to memory, totalcallnum: 0 ---
--- step 5.1, syscall is zero, replace exitinst with jmp rtemp3 ---: 0x4018013
--- step 6, init npc to rtemp(5) and takeover_syscall addr to rtemp(6) ---
--- step 789, save registers data of boot program, set testing program registers, start testing ---
runLength is set by checkpoint file: 200000000, warmup: 1000000001
warmup: 1000000001, maxinst: 200000000, period: 1
running log file: astar/simpoint1_astar_nckpt_301200000000_len_1200000000_warmup_1000000000_weight34.runlog
sample function addr: 0x10018b6, sp: 0x107e0f8, s0: 0x107f0f8
syscall is overflow, exit.
test program user running info, cycles: 10801359504, insts: 5822090371
test program total running info, cycles: 10801359454, insts: 5822090367
