{"type": "max_inst", "times": 1, "cycles": 4355785279, "inst": 1359190367}
{"type": "event  0", "value": 711343330}
{"type": "event  1", "value": 200007877}
{"type": "event  2", "value": 392727062}
{"type": "event  3", "value": 392504918}
{"type": "event  4", "value": 27078}
{"type": "event  5", "value": 83499169}
{"type": "event  6", "value": 83498000}
{"type": "event  7", "value": 25}
{"type": "event  8", "value": 701678582}
{"type": "event  9", "value": 1558915}
{"type": "event 10", "value": 1393772}
{"type": "event 11", "value": 162369}
{"type": "event 12", "value": 7710396}
{"type": "event 13", "value": 701993479}
{"type": "event 14", "value": 1639455}
{"type": "event 15", "value": 609855473}
{"type": "event 16", "value": 100437666}
{"type": "event 17", "value": 1050191}
{"type": "event 18", "value": 0}
{"type": "event 19", "value": 28833}
{"type": "event 20", "value": 593450916}
{"type": "event 21", "value": 83834120}
{"type": "event 22", "value": 34058294}
{"type": "event 23", "value": 788666116}
{"type": "event 24", "value": 123}
{"type": "event 25", "value": 15446959}
{"type": "event 26", "value": 170950427}
{"type": "event 27", "value": 592534439}
{"type": "event 28", "value": 2962955}
{"type": "event 29", "value": 115845936}
{"type": "event 30", "value": 476514}
{"type": "event 31", "value": 67981370}
{"type": "event 32", "value": 4769664}
{"type": "event 33", "value": 280403180}
{"type": "event 34", "value": 149828320}
{"type": "event 35", "value": 68900210}
{"type": "event 36", "value": 294466772}
{"type": "event 37", "value": 221606888}
{"type": "event 38", "value": 21610047}
{"type": "event 39", "value": 7886460}
{"type": "event 40", "value": 182877}
{"type": "event 41", "value": 182877}
{"type": "event 42", "value": 0}
{"type": "event 43", "value": 9816}
{"type": "event 44", "value": 4184}
{"type": "event 45", "value": 4184}
{"type": "event 46", "value": 0}
{"type": "event 47", "value": 67809738}
{"type": "event 48", "value": 3494757}
{"type": "event 49", "value": 7746825}
{"type": "event 50", "value": 182876}
{"type": "event 51", "value": 182876}
{"type": "event 52", "value": 0}
{"type": "event 53", "value": 9815}
{"type": "event 54", "value": 4184}
{"type": "event 55", "value": 4184}
{"type": "event 56", "value": 0}
{"type": "event 57", "value": 642306}
{"type": "event 58", "value": 0}
{"type": "event 59", "value": 0}
{"type": "event 60", "value": 0}
{"type": "event 61", "value": 87129}
{"type": "event 62", "value": 1031057}
{"type": "event 63", "value": 0}
stack addr: 0x3fe5ffa9e8
textinfo: 2
--- load elf: alloc text memory: (0x200000, 0x241000) ---
sim slice info, start: 1227600000000, simNum: 2454720684, rawLength: 200000000, warmup: 1000000002, exitpc: 0x20122e, cause: 2
--- step 1, read npc: 0x20097e ---
--- step 2, read integer and float registers ---
--- step 3, read memory range information and do map, range num: 6 ---
the first load information is saved with data map and compressed by fastlz
rawsize: 31457864, compsize: 27138717, infonum: 7534
rawsize: 31458104, compsize: 24705438, infonum: 10965
rawsize: 31460464, compsize: 20135650, infonum: 10867
rawsize: 31458000, compsize: 19816514, infonum: 7609
rawsize: 31457680, compsize: 23758897, infonum: 9827
rawsize: 31459704, compsize: 20095239, infonum: 8775
rawsize: 31458424, compsize: 16663649, infonum: 7608
rawsize: 31457288, compsize: 19293483, infonum: 9766
rawsize: 31458472, compsize: 17729196, infonum: 8799
rawsize: 31460728, compsize: 16670334, infonum: 7632
rawsize: 31457288, compsize: 18996064, infonum: 9777
rawsize: 26510232, compsize: 18155698, infonum: 7621
--- step 4, read first load infor and init them, first load num: 45501481 ---
--- step 5, read syscall infor and map to memory, totalcallnum: 0 ---
--- step 5.1, syscall is zero, replace exitinst with jmp rtemp3 ---: 0x4018013
--- step 6, init npc to rtemp(5) and takeover_syscall addr to rtemp(6) ---
--- step 789, save registers data of boot program, set testing program registers, start testing ---
runLength is set by checkpoint file: 200000000, warmup: 1000000002
warmup: 1000000002, maxinst: 200000000, period: 1
running log file: bwaves/simpoint1_bwaves_nckpt_1228600000000_len_1200000000_warmup_1000000000_weight29.runlog
sample function addr: 0x10018b6, sp: 0x107e0f8, s0: 0x107f0f8
syscall is overflow, exit.
test program user running info, cycles: 39895154983, insts: 12470471806
test program total running info, cycles: 39895154933, insts: 12470471802
