{"type": "max_inst", "times": 1, "cycles": 1676713100, "inst": 1261293012}
{"type": "event  0", "value": 259604296}
{"type": "event  1", "value": 200002861}
{"type": "event  2", "value": 168477965}
{"type": "event  3", "value": 167592557}
{"type": "event  4", "value": 159426}
{"type": "event  5", "value": 103655217}
{"type": "event  6", "value": 103561305}
{"type": "event  7", "value": 21549}
{"type": "event  8", "value": 228253456}
{"type": "event  9", "value": 15544984}
{"type": "event 10", "value": 3750846}
{"type": "event 11", "value": 1130667}
{"type": "event 12", "value": 18590720}
{"type": "event 13", "value": 235619317}
{"type": "event 14", "value": 5394259}
{"type": "event 15", "value": 144030419}
{"type": "event 16", "value": 111407739}
{"type": "event 17", "value": 4166138}
{"type": "event 18", "value": 29}
{"type": "event 19", "value": 68247218}
{"type": "event 20", "value": 137384048}
{"type": "event 21", "value": 103212709}
{"type": "event 22", "value": 19007539}
{"type": "event 23", "value": 129575770}
{"type": "event 24", "value": 2745852}
{"type": "event 25", "value": 24682133}
{"type": "event 26", "value": 242797043}
{"type": "event 27", "value": 105985165}
{"type": "event 28", "value": 15276646}
{"type": "event 29", "value": 138342485}
{"type": "event 30", "value": 10028271}
{"type": "event 31", "value": 69800120}
{"type": "event 32", "value": 23920066}
{"type": "event 33", "value": 145583564}
{"type": "event 34", "value": 48016782}
{"type": "event 35", "value": 21865119}
{"type": "event 36", "value": 85886366}
{"type": "event 37", "value": 1877007}
{"type": "event 38", "value": 934250}
{"type": "event 39", "value": 10364205}
{"type": "event 40", "value": 5081585}
{"type": "event 41", "value": 2520755}
{"type": "event 42", "value": 2515899}
{"type": "event 43", "value": 353451}
{"type": "event 44", "value": 71982}
{"type": "event 45", "value": 6164}
{"type": "event 46", "value": 34658}
{"type": "event 47", "value": 63120292}
{"type": "event 48", "value": 12340318}
{"type": "event 49", "value": 9798442}
{"type": "event 50", "value": 3931460}
{"type": "event 51", "value": 2080338}
{"type": "event 52", "value": 1806272}
{"type": "event 53", "value": 315409}
{"type": "event 54", "value": 63531}
{"type": "event 55", "value": 5966}
{"type": "event 56", "value": 26469}
{"type": "event 57", "value": 62115}
{"type": "event 58", "value": 0}
{"type": "event 59", "value": 0}
{"type": "event 60", "value": 0}
{"type": "event 61", "value": 591021}
{"type": "event 62", "value": 11223937}
{"type": "event 63", "value": 0}
stack addr: 0x3fcc4719e8
textinfo: 11
--- load elf: alloc text memory: (0x201000, 0x26a000) ---
sim slice info, start: 329000000000, simNum: 1396323728, rawLength: 200000000, warmup: 1000000000, exitpc: 0x23cb42, cause: 2
--- step 1, read npc: 0x22a648 ---
--- step 2, read integer and float registers ---
--- step 3, read memory range information and do map, range num: 149 ---
the first load information is saved with data map and compressed by fastlz
rawsize: 3047272, compsize: 1399413, infonum: 1433
--- step 4, read first load infor and init them, first load num: 366579 ---
--- step 5, read syscall infor and map to memory, totalcallnum: 0 ---
--- step 5.1, syscall is zero, replace exitinst with jmp rtemp3 ---: 0x4018013
--- step 6, init npc to rtemp(5) and takeover_syscall addr to rtemp(6) ---
--- step 789, save registers data of boot program, set testing program registers, start testing ---
runLength is set by checkpoint file: 200000000, warmup: 1000000000
warmup: 1000000000, maxinst: 200000000, period: 1
running log file: h264ref/simpoint1_h264ref_nckpt_330000000000_len_1200000000_warmup_1000000000_weight22.runlog
sample function addr: 0x10018b6, sp: 0x107e0f8, s0: 0x107f0f8
syscall is overflow, exit.
test program user running info, cycles: 1946272256, insts: 1468522373
test program total running info, cycles: 1946272206, insts: 1468522369
