{"type": "max_inst", "times": 1, "cycles": 2826380488, "inst": 1316157903}
{"type": "event  0", "value": 435357010}
{"type": "event  1", "value": 200004844}
{"type": "event  2", "value": 262944688}
{"type": "event  3", "value": 262667034}
{"type": "event  4", "value": 33879}
{"type": "event  5", "value": 92018842}
{"type": "event  6", "value": 92017806}
{"type": "event  7", "value": 44}
{"type": "event  8", "value": 434316534}
{"type": "event  9", "value": 327985}
{"type": "event 10", "value": 132840}
{"type": "event 11", "value": 146851}
{"type": "event 12", "value": 10040176}
{"type": "event 13", "value": 414643312}
{"type": "event 14", "value": 10673522}
{"type": "event 15", "value": 333500285}
{"type": "event 16", "value": 98820610}
{"type": "event 17", "value": 3036115}
{"type": "event 18", "value": 21}
{"type": "event 19", "value": 117358151}
{"type": "event 20", "value": 321303921}
{"type": "event 21", "value": 86445452}
{"type": "event 22", "value": 27607637}
{"type": "event 23", "value": 180031814}
{"type": "event 24", "value": 16850262}
{"type": "event 25", "value": 37300123}
{"type": "event 26", "value": 151163819}
{"type": "event 27", "value": 329531353}
{"type": "event 28", "value": 2448197}
{"type": "event 29", "value": 103377460}
{"type": "event 30", "value": 1271228}
{"type": "event 31", "value": 50207289}
{"type": "event 32", "value": 17327826}
{"type": "event 33", "value": 176529816}
{"type": "event 34", "value": 78439138}
{"type": "event 35", "value": 36945558}
{"type": "event 36", "value": 158958317}
{"type": "event 37", "value": 81477464}
{"type": "event 38", "value": 10119985}
{"type": "event 39", "value": 12710406}
{"type": "event 40", "value": 2758}
{"type": "event 41", "value": 2757}
{"type": "event 42", "value": 0}
{"type": "event 43", "value": 98236}
{"type": "event 44", "value": 18}
{"type": "event 45", "value": 18}
{"type": "event 46", "value": 0}
{"type": "event 47", "value": 50122239}
{"type": "event 48", "value": 17218054}
{"type": "event 49", "value": 12705320}
{"type": "event 50", "value": 2744}
{"type": "event 51", "value": 2744}
{"type": "event 52", "value": 0}
{"type": "event 53", "value": 98205}
{"type": "event 54", "value": 14}
{"type": "event 55", "value": 14}
{"type": "event 56", "value": 0}
{"type": "event 57", "value": 313443}
{"type": "event 58", "value": 0}
{"type": "event 59", "value": 0}
{"type": "event 60", "value": 0}
{"type": "event 61", "value": 2135}
{"type": "event 62", "value": 35052}
{"type": "event 63", "value": 0}
stack addr: 0x3fe1bd39e8
textinfo: 12
--- load elf: alloc text memory: (0x202000, 0x27b000) ---
sim slice info, start: 200600000000, simNum: 1200000000, rawLength: 200000000, warmup: 1000000000, exitpc: 0x0, cause: 2
--- step 1, read npc: 0x2065dc ---
--- step 2, read integer and float registers ---
--- step 3, read memory range information and do map, range num: 53 ---
the first load information is saved with data map and compressed by fastlz
rawsize: 31457368, compsize: 24137225, infonum: 9213
rawsize: 13063328, compsize: 8466049, infonum: 3287
--- step 4, read first load infor and init them, first load num: 5440087 ---
--- step 5, read syscall infor and map to memory, totalcallnum: 4 ---
--- step 6, init npc to rtemp(5) and takeover_syscall addr to rtemp(6) ---
--- step 789, save registers data of boot program, set testing program registers, start testing ---
runLength is set by checkpoint file: 200000000, warmup: 1000000000
warmup: 1000000000, maxinst: 200000000, period: 1
running log file: leslie3d/simpoint1_leslie3d_nckpt_201600000000_len_1200000000_warmup_1000000000_weight9.runlog
sample function addr: 0x10018b6, sp: 0x107e0f8, s0: 0x107f0f8
syscall is overflow, exit.
test program user running info, cycles: 3543436354, insts: 1648548597
test program total running info, cycles: 3543437504, insts: 1648548810
