{"type": "max_inst", "times": 1, "cycles": 2716331530, "inst": 1300990589}
{"type": "event  0", "value": 406525357}
{"type": "event  1", "value": 200004529}
{"type": "event  2", "value": 209529196}
{"type": "event  3", "value": 193483628}
{"type": "event  4", "value": 3445568}
{"type": "event  5", "value": 167060646}
{"type": "event  6", "value": 153175536}
{"type": "event  7", "value": 2956570}
{"type": "event  8", "value": 294817785}
{"type": "event  9", "value": 32905025}
{"type": "event 10", "value": 33239373}
{"type": "event 11", "value": 8855351}
{"type": "event 12", "value": 83882141}
{"type": "event 13", "value": 275949691}
{"type": "event 14", "value": 46693525}
{"type": "event 15", "value": 274933714}
{"type": "event 16", "value": 106178279}
{"type": "event 17", "value": 25413364}
{"type": "event 18", "value": 32624774}
{"type": "event 19", "value": 1116719}
{"type": "event 20", "value": 270327343}
{"type": "event 21", "value": 98997986}
{"type": "event 22", "value": 37200028}
{"type": "event 23", "value": 113532221}
{"type": "event 24", "value": 15126702}
{"type": "event 25", "value": 36920097}
{"type": "event 26", "value": 272312220}
{"type": "event 27", "value": 227994221}
{"type": "event 28", "value": 17004898}
{"type": "event 29", "value": 161526238}
{"type": "event 30", "value": 37199989}
{"type": "event 31", "value": 69796855}
{"type": "event 32", "value": 29523778}
{"type": "event 33", "value": 150692568}
{"type": "event 34", "value": 44333726}
{"type": "event 35", "value": 19228342}
{"type": "event 36", "value": 132931488}
{"type": "event 37", "value": 37932757}
{"type": "event 38", "value": 9461457}
{"type": "event 39", "value": 52732407}
{"type": "event 40", "value": 6711637}
{"type": "event 41", "value": 4921688}
{"type": "event 42", "value": 1201849}
{"type": "event 43", "value": 719844}
{"type": "event 44", "value": 1739916}
{"type": "event 45", "value": 611432}
{"type": "event 46", "value": 724713}
{"type": "event 47", "value": 62237150}
{"type": "event 48", "value": 17294819}
{"type": "event 49", "value": 50523991}
{"type": "event 50", "value": 5752299}
{"type": "event 51", "value": 4087870}
{"type": "event 52", "value": 1110090}
{"type": "event 53", "value": 353129}
{"type": "event 54", "value": 1453655}
{"type": "event 55", "value": 380916}
{"type": "event 56", "value": 678873}
{"type": "event 57", "value": 1323953}
{"type": "event 58", "value": 0}
{"type": "event 59", "value": 11}
{"type": "event 60", "value": 0}
{"type": "event 61", "value": 328722}
{"type": "event 62", "value": 3840655}
{"type": "event 63", "value": 0}
stack addr: 0x3fe8a7c9d8
textinfo: 35
--- load elf: alloc text memory: (0x2d8000, 0x459000) ---
sim slice info, start: 639800000000, simNum: 1208262983, rawLength: 200000000, warmup: 1000000000, exitpc: 0x373e88, cause: 2
--- step 1, read npc: 0x3048bc ---
--- step 2, read integer and float registers ---
--- step 3, read memory range information and do map, range num: 7617 ---
the first load information is saved with data map and compressed by fastlz
rawsize: 4724304, compsize: 1402440, infonum: 31113
--- step 4, read first load infor and init them, first load num: 279408 ---
--- step 5, read syscall infor and map to memory, totalcallnum: 160 ---
--- step 6, init npc to rtemp(5) and takeover_syscall addr to rtemp(6) ---
--- step 789, save registers data of boot program, set testing program registers, start testing ---
runLength is set by checkpoint file: 200000000, warmup: 1000000000
warmup: 1000000000, maxinst: 200000000, period: 1
running log file: xalancbmk/simpoint1_xalancbmk_nckpt_640800000000_len_1200000000_warmup_1000000000_weight20.runlog
sample function addr: 0x10018b6, sp: 0x107e0f8, s0: 0x107f0f8
--- exit the last syscall 160, and replace exit pc (0x373e88) with jmp3 ---
syscall is overflow, exit.
test program user running info, cycles: 2732669345, insts: 1311165319
test program total running info, cycles: 2732729202, insts: 1311175225
