{"type": "max_inst", "times": 1, "cycles": 888736133, "inst": 1232938744}
{"type": "event  0", "value": 136938995}
{"type": "event  1", "value": 200001557}
{"type": "event  2", "value": 115026682}
{"type": "event  3", "value": 114948284}
{"type": "event  4", "value": 16744}
{"type": "event  5", "value": 99456655}
{"type": "event  6", "value": 99455488}
{"type": "event  7", "value": 128}
{"type": "event  8", "value": 131031595}
{"type": "event  9", "value": 137564}
{"type": "event 10", "value": 5414179}
{"type": "event 11", "value": 118953}
{"type": "event 12", "value": 1013179}
{"type": "event 13", "value": 134977371}
{"type": "event 14", "value": 948445}
{"type": "event 15", "value": 35390571}
{"type": "event 16", "value": 100153520}
{"type": "event 17", "value": 1394904}
{"type": "event 18", "value": 7}
{"type": "event 19", "value": 36511909}
{"type": "event 20", "value": 23932934}
{"type": "event 21", "value": 88494921}
{"type": "event 22", "value": 24511140}
{"type": "event 23", "value": 347657}
{"type": "event 24", "value": 112380}
{"type": "event 25", "value": 2182850}
{"type": "event 26", "value": 135811756}
{"type": "event 27", "value": 46765953}
{"type": "event 28", "value": 3276544}
{"type": "event 29", "value": 86896498}
{"type": "event 30", "value": 183573}
{"type": "event 31", "value": 38923829}
{"type": "event 32", "value": 830448}
{"type": "event 33", "value": 40092956}
{"type": "event 34", "value": 439305}
{"type": "event 35", "value": 193725}
{"type": "event 36", "value": 39703134}
{"type": "event 37", "value": 107561}
{"type": "event 38", "value": 58336}
{"type": "event 39", "value": 16224274}
{"type": "event 40", "value": 19956}
{"type": "event 41", "value": 18241}
{"type": "event 42", "value": 132}
{"type": "event 43", "value": 90061}
{"type": "event 44", "value": 215}
{"type": "event 45", "value": 51}
{"type": "event 46", "value": 18}
{"type": "event 47", "value": 38724884}
{"type": "event 48", "value": 597766}
{"type": "event 49", "value": 16135658}
{"type": "event 50", "value": 15588}
{"type": "event 51", "value": 13881}
{"type": "event 52", "value": 132}
{"type": "event 53", "value": 85284}
{"type": "event 54", "value": 207}
{"type": "event 55", "value": 43}
{"type": "event 56", "value": 18}
{"type": "event 57", "value": 1202}
{"type": "event 58", "value": 0}
{"type": "event 59", "value": 20}
{"type": "event 60", "value": 0}
{"type": "event 61", "value": 15333}
{"type": "event 62", "value": 327465}
{"type": "event 63", "value": 0}
stack addr: 0x3fd18cf9e8
textinfo: 8
--- load elf: alloc text memory: (0x204000, 0x33a000) ---
sim slice info, start: 4165600000000, simNum: 167793069, rawLength: 200000000, warmup: 1000000001, exitpc: 0x23e594, cause: 2
--- step 1, read npc: 0x21f72a ---
--- step 2, read integer and float registers ---
--- step 3, read memory range information and do map, range num: 91 ---
the first load information is saved with data map and compressed by fastlz
rawsize: 783344, compsize: 463916, infonum: 346
--- step 4, read first load infor and init them, first load num: 94458 ---
--- step 5, read syscall infor and map to memory, totalcallnum: 0 ---
--- step 5.1, syscall is zero, replace exitinst with jmp rtemp3 ---: 0x4018013
--- step 6, init npc to rtemp(5) and takeover_syscall addr to rtemp(6) ---
--- step 789, save registers data of boot program, set testing program registers, start testing ---
runLength is set by checkpoint file: 200000000, warmup: 1000000001
warmup: 1000000001, maxinst: 200000000, period: 1
running log file: calculix/simpoint1_calculix_nckpt_4166600000000_len_1200000000_warmup_1000000000_weight62.runlog
sample function addr: 0x10018b6, sp: 0x107e0f8, s0: 0x107f0f8
syscall is overflow, exit.
test program user running info, cycles: 3300952407, insts: 4584198280
test program total running info, cycles: 3300952357, insts: 4584198276
