{"type": "max_inst", "times": 1, "cycles": 2457373365, "inst": 1291835955}
{"type": "event  0", "value": 367219281}
{"type": "event  1", "value": 200004084}
{"type": "event  2", "value": 210464252}
{"type": "event  3", "value": 196624436}
{"type": "event  4", "value": 3044775}
{"type": "event  5", "value": 168537548}
{"type": "event  6", "value": 166310077}
{"type": "event  7", "value": 549604}
{"type": "event  8", "value": 280841581}
{"type": "event  9", "value": 31346555}
{"type": "event 10", "value": 25664102}
{"type": "event 11", "value": 7015134}
{"type": "event 12", "value": 72896868}
{"type": "event 13", "value": 253343200}
{"type": "event 14", "value": 40979213}
{"type": "event 15", "value": 223819407}
{"type": "event 16", "value": 117565172}
{"type": "event 17", "value": 25834702}
{"type": "event 18", "value": 17297961}
{"type": "event 19", "value": 1312257}
{"type": "event 20", "value": 218509763}
{"type": "event 21", "value": 107827188}
{"type": "event 22", "value": 40882330}
{"type": "event 23", "value": 63816281}
{"type": "event 24", "value": 58040707}
{"type": "event 25", "value": 39886259}
{"type": "event 26", "value": 275054250}
{"type": "event 27", "value": 188531809}
{"type": "event 28", "value": 17685049}
{"type": "event 29", "value": 161002423}
{"type": "event 30", "value": 24541246}
{"type": "event 31", "value": 57559538}
{"type": "event 32", "value": 44524351}
{"type": "event 33", "value": 157584262}
{"type": "event 34", "value": 49540195}
{"type": "event 35", "value": 22570348}
{"type": "event 36", "value": 96894826}
{"type": "event 37", "value": 5119794}
{"type": "event 38", "value": 3670270}
{"type": "event 39", "value": 34246463}
{"type": "event 40", "value": 5443358}
{"type": "event 41", "value": 3722754}
{"type": "event 42", "value": 711406}
{"type": "event 43", "value": 2061674}
{"type": "event 44", "value": 1075339}
{"type": "event 45", "value": 200811}
{"type": "event 46", "value": 254713}
{"type": "event 47", "value": 45272168}
{"type": "event 48", "value": 32636541}
{"type": "event 49", "value": 30673376}
{"type": "event 50", "value": 4567976}
{"type": "event 51", "value": 3020444}
{"type": "event 52", "value": 596110}
{"type": "event 53", "value": 1568436}
{"type": "event 54", "value": 937030}
{"type": "event 55", "value": 93877}
{"type": "event 56", "value": 232905}
{"type": "event 57", "value": 456316}
{"type": "event 58", "value": 0}
{"type": "event 59", "value": 23}
{"type": "event 60", "value": 0}
{"type": "event 61", "value": 511479}
{"type": "event 62", "value": 5504415}
{"type": "event 63", "value": 0}
stack addr: 0x3fe069d9f8
textinfo: 40
--- load elf: alloc text memory: (0x200000, 0x3f1000) ---
sim slice info, start: 41600000000, simNum: 1200465175, rawLength: 200000000, warmup: 1000000000, exitpc: 0x2be8ce, cause: 2
--- step 1, read npc: 0x338e0e ---
--- step 2, read integer and float registers ---
--- step 3, read memory range information and do map, range num: 323 ---
the first load information is saved with data map and compressed by fastlz
rawsize: 19728800, compsize: 7504016, infonum: 20251
--- step 4, read first load infor and init them, first load num: 2263590 ---
--- step 5, read syscall infor and map to memory, totalcallnum: 73 ---
--- step 6, init npc to rtemp(5) and takeover_syscall addr to rtemp(6) ---
--- step 789, save registers data of boot program, set testing program registers, start testing ---
runLength is set by checkpoint file: 200000000, warmup: 1000000000
warmup: 1000000000, maxinst: 200000000, period: 1
running log file: gcc/simpoint1_gcc_nckpt_42600000000_len_1200000000_warmup_1000000000_weight19.runlog
sample function addr: 0x10018b6, sp: 0x107e0f8, s0: 0x107f0f8
--- exit the last syscall 73, and replace exit pc (0x2be8ce) with jmp3 ---
syscall is overflow, exit.
test program user running info, cycles: 2459818555, insts: 1293397538
test program total running info, cycles: 2460428257, insts: 1293621643
