{"type": "max_inst", "times": 1, "cycles": 1676502252, "inst": 1261222600}
{"type": "event  0", "value": 260080724}
{"type": "event  1", "value": 200002861}
{"type": "event  2", "value": 168725792}
{"type": "event  3", "value": 167842722}
{"type": "event  4", "value": 158592}
{"type": "event  5", "value": 103611974}
{"type": "event  6", "value": 103516707}
{"type": "event  7", "value": 21631}
{"type": "event  8", "value": 228668438}
{"type": "event  9", "value": 15647805}
{"type": "event 10", "value": 3757199}
{"type": "event 11", "value": 1125322}
{"type": "event 12", "value": 18506391}
{"type": "event 13", "value": 236203936}
{"type": "event 14", "value": 5370397}
{"type": "event 15", "value": 144518944}
{"type": "event 16", "value": 111413077}
{"type": "event 17", "value": 4148703}
{"type": "event 18", "value": 66}
{"type": "event 19", "value": 68906605}
{"type": "event 20", "value": 137838402}
{"type": "event 21", "value": 103206642}
{"type": "event 22", "value": 19035680}
{"type": "event 23", "value": 129907680}
{"type": "event 24", "value": 2748139}
{"type": "event 25", "value": 24638972}
{"type": "event 26", "value": 242818737}
{"type": "event 27", "value": 106489042}
{"type": "event 28", "value": 15269083}
{"type": "event 29", "value": 138322599}
{"type": "event 30", "value": 10042203}
{"type": "event 31", "value": 69842005}
{"type": "event 32", "value": 23855405}
{"type": "event 33", "value": 145878872}
{"type": "event 34", "value": 48254659}
{"type": "event 35", "value": 21945579}
{"type": "event 36", "value": 85908415}
{"type": "event 37", "value": 1880577}
{"type": "event 38", "value": 936853}
{"type": "event 39", "value": 10359286}
{"type": "event 40", "value": 5087862}
{"type": "event 41", "value": 2524851}
{"type": "event 42", "value": 2518073}
{"type": "event 43", "value": 351677}
{"type": "event 44", "value": 72027}
{"type": "event 45", "value": 6188}
{"type": "event 46", "value": 34678}
{"type": "event 47", "value": 63120292}
{"type": "event 48", "value": 12340318}
{"type": "event 49", "value": 9798442}
{"type": "event 50", "value": 3931460}
{"type": "event 51", "value": 2080338}
{"type": "event 52", "value": 1806272}
{"type": "event 53", "value": 314121}
{"type": "event 54", "value": 63585}
{"type": "event 55", "value": 5976}
{"type": "event 56", "value": 26517}
{"type": "event 57", "value": 62758}
{"type": "event 58", "value": 0}
{"type": "event 59", "value": 0}
{"type": "event 60", "value": 0}
{"type": "event 61", "value": 586226}
{"type": "event 62", "value": 11212566}
{"type": "event 63", "value": 0}
stack addr: 0x3fdd87a9e8
textinfo: 11
--- load elf: alloc text memory: (0x201000, 0x26a000) ---
sim slice info, start: 329000000000, simNum: 1396323728, rawLength: 200000000, warmup: 1000000000, exitpc: 0x23cb42, cause: 2
--- step 1, read npc: 0x22a648 ---
--- step 2, read integer and float registers ---
--- step 3, read memory range information and do map, range num: 149 ---
the first load information is saved with data map and compressed by fastlz
rawsize: 3047272, compsize: 1399413, infonum: 1433
--- step 4, read first load infor and init them, first load num: 366579 ---
--- step 5, read syscall infor and map to memory, totalcallnum: 0 ---
--- step 5.1, syscall is zero, replace exitinst with jmp rtemp3 ---: 0x4018013
--- step 6, init npc to rtemp(5) and takeover_syscall addr to rtemp(6) ---
--- step 789, save registers data of boot program, set testing program registers, start testing ---
runLength is set by checkpoint file: 200000000, warmup: 1000000000
warmup: 1000000000, maxinst: 200000000, period: 1
running log file: h264ref/simpoint1_h264ref_nckpt_330000000000_len_1200000000_warmup_1000000000_weight22.runlog
sample function addr: 0x10018b6, sp: 0x107e0f8, s0: 0x107f0f8
syscall is overflow, exit.
test program user running info, cycles: 1947128858, insts: 1469069037
test program total running info, cycles: 1947128808, insts: 1469069033
