{"type": "max_inst", "times": 1, "cycles": 2685770255, "inst": 1300928274}
{"type": "event  0", "value": 406740501}
{"type": "event  1", "value": 200004504}
{"type": "event  2", "value": 260517721}
{"type": "event  3", "value": 260297587}
{"type": "event  4", "value": 29837}
{"type": "event  5", "value": 124339253}
{"type": "event  6", "value": 124331370}
{"type": "event  7", "value": 848}
{"type": "event  8", "value": 397408814}
{"type": "event  9", "value": 1764591}
{"type": "event 10", "value": 2354392}
{"type": "event 11", "value": 2257925}
{"type": "event 12", "value": 22213284}
{"type": "event 13", "value": 366688750}
{"type": "event 14", "value": 17838467}
{"type": "event 15", "value": 278017047}
{"type": "event 16", "value": 122363443}
{"type": "event 17", "value": 6360011}
{"type": "event 18", "value": 20201}
{"type": "event 19", "value": 102720140}
{"type": "event 20", "value": 271693620}
{"type": "event 21", "value": 112265782}
{"type": "event 22", "value": 22781099}
{"type": "event 23", "value": 121841617}
{"type": "event 24", "value": 582887}
{"type": "event 25", "value": 125810637}
{"type": "event 26", "value": 268510873}
{"type": "event 27", "value": 228608588}
{"type": "event 28", "value": 12826921}
{"type": "event 29", "value": 165304992}
{"type": "event 30", "value": 13027298}
{"type": "event 31", "value": 55306567}
{"type": "event 32", "value": 48135291}
{"type": "event 33", "value": 248577047}
{"type": "event 34", "value": 129182123}
{"type": "event 35", "value": 56494149}
{"type": "event 36", "value": 81021864}
{"type": "event 37", "value": 5957910}
{"type": "event 38", "value": 2831972}
{"type": "event 39", "value": 28546447}
{"type": "event 40", "value": 47683}
{"type": "event 41", "value": 28636}
{"type": "event 42", "value": 188}
{"type": "event 43", "value": 2168722}
{"type": "event 44", "value": 7569}
{"type": "event 45", "value": 379}
{"type": "event 46", "value": 31}
{"type": "event 47", "value": 46895170}
{"type": "event 48", "value": 22298880}
{"type": "event 49", "value": 26702146}
{"type": "event 50", "value": 37641}
{"type": "event 51", "value": 26392}
{"type": "event 52", "value": 187}
{"type": "event 53", "value": 2140438}
{"type": "event 54", "value": 1285}
{"type": "event 55", "value": 296}
{"type": "event 56", "value": 31}
{"type": "event 57", "value": 88699}
{"type": "event 58", "value": 0}
{"type": "event 59", "value": 1}
{"type": "event 60", "value": 0}
{"type": "event 61", "value": 20791}
{"type": "event 62", "value": 282572}
{"type": "event 63", "value": 0}
stack addr: 0x3ff8b999e8
textinfo: 11
--- load elf: alloc text memory: (0x200000, 0x24b000) ---
sim slice info, start: 1138400000000, simNum: 1207368083, rawLength: 200000000, warmup: 1000000000, exitpc: 0x2434ae, cause: 2
--- step 1, read npc: 0x208550 ---
--- step 2, read integer and float registers ---
--- step 3, read memory range information and do map, range num: 30 ---
the first load information is saved with data map and compressed by fastlz
rawsize: 170568, compsize: 92648, infonum: 142
--- step 4, read first load infor and init them, first load num: 19901 ---
--- step 5, read syscall infor and map to memory, totalcallnum: 6 ---
--- step 6, init npc to rtemp(5) and takeover_syscall addr to rtemp(6) ---
--- step 789, save registers data of boot program, set testing program registers, start testing ---
runLength is set by checkpoint file: 200000000, warmup: 1000000000
warmup: 1000000000, maxinst: 200000000, period: 1
running log file: hmmer/simpoint1_hmmer_nckpt_1139400000000_len_1200000000_warmup_1000000000_weight15.runlog
sample function addr: 0x10018b6, sp: 0x107e0f8, s0: 0x107f0f8
--- exit the last syscall 6, and replace exit pc (0x2434ae) with jmp3 ---
syscall is overflow, exit.
test program user running info, cycles: 2704249619, insts: 1309951478
test program total running info, cycles: 2704462288, insts: 1310248549
