{"type": "max_inst", "times": 1, "cycles": 3776567181, "inst": 1337762480}
{"type": "event  0", "value": 562275895}
{"type": "event  1", "value": 200006289}
{"type": "event  2", "value": 273221764}
{"type": "event  3", "value": 266401259}
{"type": "event  4", "value": 1086491}
{"type": "event  5", "value": 179529781}
{"type": "event  6", "value": 162386105}
{"type": "event  7", "value": 3546693}
{"type": "event  8", "value": 369739878}
{"type": "event  9", "value": 74081065}
{"type": "event 10", "value": 28925449}
{"type": "event 11", "value": 6187858}
{"type": "event 12", "value": 128420056}
{"type": "event 13", "value": 370149582}
{"type": "event 14", "value": 63706257}
{"type": "event 15", "value": 408173067}
{"type": "event 16", "value": 120053265}
{"type": "event 17", "value": 34049563}
{"type": "event 18", "value": 11655210}
{"type": "event 19", "value": 83188}
{"type": "event 20", "value": 404879958}
{"type": "event 21", "value": 112401307}
{"type": "event 22", "value": 44994630}
{"type": "event 23", "value": 156738426}
{"type": "event 24", "value": 49240594}
{"type": "event 25", "value": 186771991}
{"type": "event 26", "value": 292563560}
{"type": "event 27", "value": 362964082}
{"type": "event 28", "value": 16486845}
{"type": "event 29", "value": 182824968}
{"type": "event 30", "value": 29492412}
{"type": "event 31", "value": 66131395}
{"type": "event 32", "value": 54509347}
{"type": "event 33", "value": 231461774}
{"type": "event 34", "value": 95299508}
{"type": "event 35", "value": 40512837}
{"type": "event 36", "value": 148302967}
{"type": "event 37", "value": 37091352}
{"type": "event 38", "value": 11786095}
{"type": "event 39", "value": 39149620}
{"type": "event 40", "value": 7869833}
{"type": "event 41", "value": 6593966}
{"type": "event 42", "value": 763122}
{"type": "event 43", "value": 1627343}
{"type": "event 44", "value": 1218617}
{"type": "event 45", "value": 635268}
{"type": "event 46", "value": 379506}
{"type": "event 47", "value": 51425924}
{"type": "event 48", "value": 31324603}
{"type": "event 49", "value": 32952730}
{"type": "event 50", "value": 6521720}
{"type": "event 51", "value": 5303936}
{"type": "event 52", "value": 724583}
{"type": "event 53", "value": 933217}
{"type": "event 54", "value": 876922}
{"type": "event 55", "value": 311258}
{"type": "event 56", "value": 368792}
{"type": "event 57", "value": 2358321}
{"type": "event 58", "value": 0}
{"type": "event 59", "value": 28}
{"type": "event 60", "value": 0}
{"type": "event 61", "value": 859171}
{"type": "event 62", "value": 10219270}
{"type": "event 63", "value": 0}
stack addr: 0x3fdb17b9e8
textinfo: 15
--- load elf: alloc text memory: (0x204000, 0x2f6000) ---
sim slice info, start: 298000000000, simNum: 1211723584, rawLength: 200000000, warmup: 1000000000, exitpc: 0x223632, cause: 2
--- step 1, read npc: 0x2304ea ---
--- step 2, read integer and float registers ---
--- step 3, read memory range information and do map, range num: 155 ---
the first load information is saved with data map and compressed by fastlz
rawsize: 7861984, compsize: 2897508, infonum: 26746
--- step 4, read first load infor and init them, first load num: 715288 ---
--- step 5, read syscall infor and map to memory, totalcallnum: 0 ---
--- step 5.1, syscall is zero, replace exitinst with jmp rtemp3 ---: 0x4018013
--- step 6, init npc to rtemp(5) and takeover_syscall addr to rtemp(6) ---
--- step 789, save registers data of boot program, set testing program registers, start testing ---
runLength is set by checkpoint file: 200000000, warmup: 1000000000
warmup: 1000000000, maxinst: 200000000, period: 1
running log file: omnetpp/simpoint1_omnetpp_nckpt_299000000000_len_1200000000_warmup_1000000000_weight51.runlog
sample function addr: 0x10018b6, sp: 0x107e0f8, s0: 0x107f0f8
syscall is overflow, exit.
test program user running info, cycles: 3816060585, insts: 1352283391
test program total running info, cycles: 3816060535, insts: 1352283387
