{"type": "max_inst", "times": 1, "cycles": 2717876467, "inst": 1298547918}
{"type": "event  0", "value": 414196146}
{"type": "event  1", "value": 200004617}
{"type": "event  2", "value": 237953639}
{"type": "event  3", "value": 230606756}
{"type": "event  4", "value": 1668974}
{"type": "event  5", "value": 159018264}
{"type": "event  6", "value": 156574625}
{"type": "event  7", "value": 343437}
{"type": "event  8", "value": 326180817}
{"type": "event  9", "value": 35720108}
{"type": "event 10", "value": 13062492}
{"type": "event 11", "value": 4951634}
{"type": "event 12", "value": 59365660}
{"type": "event 13", "value": 335778467}
{"type": "event 14", "value": 19052019}
{"type": "event 15", "value": 271849685}
{"type": "event 16", "value": 131791573}
{"type": "event 17", "value": 10554888}
{"type": "event 18", "value": 1663}
{"type": "event 19", "value": 4434026}
{"type": "event 20", "value": 263631906}
{"type": "event 21", "value": 118374929}
{"type": "event 22", "value": 32189311}
{"type": "event 23", "value": 212477193}
{"type": "event 24", "value": 35537259}
{"type": "event 25", "value": 50857544}
{"type": "event 26", "value": 254564036}
{"type": "event 27", "value": 234154061}
{"type": "event 28", "value": 14648245}
{"type": "event 29", "value": 165393840}
{"type": "event 30", "value": 20354747}
{"type": "event 31", "value": 81487863}
{"type": "event 32", "value": 51565511}
{"type": "event 33", "value": 214169918}
{"type": "event 34", "value": 75859429}
{"type": "event 35", "value": 32192201}
{"type": "event 36", "value": 128116148}
{"type": "event 37", "value": 12152267}
{"type": "event 38", "value": 6082320}
{"type": "event 39", "value": 21069502}
{"type": "event 40", "value": 7323678}
{"type": "event 41", "value": 5924023}
{"type": "event 42", "value": 1377239}
{"type": "event 43", "value": 1716266}
{"type": "event 44", "value": 680553}
{"type": "event 45", "value": 149261}
{"type": "event 46", "value": 513891}
{"type": "event 47", "value": 63288695}
{"type": "event 48", "value": 30625098}
{"type": "event 49", "value": 17934192}
{"type": "event 50", "value": 6197295}
{"type": "event 51", "value": 4823787}
{"type": "event 52", "value": 1351784}
{"type": "event 53", "value": 1093644}
{"type": "event 54", "value": 599468}
{"type": "event 55", "value": 81207}
{"type": "event 56", "value": 500903}
{"type": "event 57", "value": 658096}
{"type": "event 58", "value": 0}
{"type": "event 59", "value": 0}
{"type": "event 60", "value": 0}
{"type": "event 61", "value": 1101245}
{"type": "event 62", "value": 11461663}
{"type": "event 63", "value": 0}
stack addr: 0x3ff52f09e8
textinfo: 27
--- load elf: alloc text memory: (0x200000, 0x2e0000) ---
sim slice info, start: 738800000000, simNum: 1319907628, rawLength: 200000000, warmup: 1000000000, exitpc: 0x295980, cause: 2
--- step 1, read npc: 0x22e2a4 ---
--- step 2, read integer and float registers ---
--- step 3, read memory range information and do map, range num: 39 ---
the first load information is saved with data map and compressed by fastlz
rawsize: 169648, compsize: 101928, infonum: 220
--- step 4, read first load infor and init them, first load num: 19006 ---
--- step 5, read syscall infor and map to memory, totalcallnum: 51 ---
--- step 6, init npc to rtemp(5) and takeover_syscall addr to rtemp(6) ---
--- step 789, save registers data of boot program, set testing program registers, start testing ---
runLength is set by checkpoint file: 200000000, warmup: 1000000000
warmup: 1000000000, maxinst: 200000000, period: 1
running log file: povray/simpoint1_povray_nckpt_739800000000_len_1200000000_warmup_1000000000_weight16.runlog
sample function addr: 0x10018b6, sp: 0x107e0f8, s0: 0x107f0f8
--- exit the last syscall 51, and replace exit pc (0x295980) with jmp3 ---
syscall is overflow, exit.
test program user running info, cycles: 2987171208, insts: 1429144696
test program total running info, cycles: 2987601255, insts: 1429312799
