{"type": "max_inst", "times": 1, "cycles": 1778790404, "inst": 1287924134}
{"type": "event  0", "value": 256533184}
{"type": "event  1", "value": 200004825}
{"type": "event  2", "value": 173829807}
{"type": "event  3", "value": 168507387}
{"type": "event  4", "value": 1261345}
{"type": "event  5", "value": 151356202}
{"type": "event  6", "value": 151345564}
{"type": "event  7", "value": 874}
{"type": "event  8", "value": 207360802}
{"type": "event  9", "value": 22646151}
{"type": "event 10", "value": 15192479}
{"type": "event 11", "value": 4537567}
{"type": "event 12", "value": 39114443}
{"type": "event 13", "value": 190449561}
{"type": "event 14", "value": 26969180}
{"type": "event 15", "value": 112452337}
{"type": "event 16", "value": 120256907}
{"type": "event 17", "value": 23823940}
{"type": "event 18", "value": 1410303}
{"type": "event 19", "value": 28128151}
{"type": "event 20", "value": 110211300}
{"type": "event 21", "value": 113472422}
{"type": "event 22", "value": 32849462}
{"type": "event 23", "value": 16932132}
{"type": "event 24", "value": 21873878}
{"type": "event 25", "value": 17191429}
{"type": "event 26", "value": 267190825}
{"type": "event 27", "value": 96884799}
{"type": "event 28", "value": 19988359}
{"type": "event 29", "value": 139660026}
{"type": "event 30", "value": 16456627}
{"type": "event 31", "value": 47017238}
{"type": "event 32", "value": 21077445}
{"type": "event 33", "value": 109481520}
{"type": "event 34", "value": 37420505}
{"type": "event 35", "value": 17892404}
{"type": "event 36", "value": 60565176}
{"type": "event 37", "value": 1765643}
{"type": "event 38", "value": 1720351}
{"type": "event 39", "value": 35350722}
{"type": "event 40", "value": 3171120}
{"type": "event 41", "value": 1747072}
{"type": "event 42", "value": 476326}
{"type": "event 43", "value": 2285735}
{"type": "event 44", "value": 885213}
{"type": "event 45", "value": 22780}
{"type": "event 46", "value": 309327}
{"type": "event 47", "value": 39430134}
{"type": "event 48", "value": 13128091}
{"type": "event 49", "value": 31762465}
{"type": "event 50", "value": 3002013}
{"type": "event 51", "value": 1586253}
{"type": "event 52", "value": 473958}
{"type": "event 53", "value": 1673013}
{"type": "event 54", "value": 880192}
{"type": "event 55", "value": 19953}
{"type": "event 56", "value": 308479}
{"type": "event 57", "value": 77006}
{"type": "event 58", "value": 0}
{"type": "event 59", "value": 1964}
{"type": "event 60", "value": 0}
{"type": "event 61", "value": 174550}
{"type": "event 62", "value": 2586223}
{"type": "event 63", "value": 0}
stack addr: 0x3fdab269e8
textinfo: 4
--- load elf: alloc text memory: (0x201000, 0x25a000) ---
sim slice info, start: 1371000000000, simNum: 1334363342, rawLength: 200000000, warmup: 1000000000, exitpc: 0x2020c2, cause: 2
--- step 1, read npc: 0x208a82 ---
--- step 2, read integer and float registers ---
--- step 3, read memory range information and do map, range num: 202 ---
the first load information is saved with data map and compressed by fastlz
rawsize: 4648480, compsize: 2566712, infonum: 25192
--- step 4, read first load infor and init them, first load num: 329140 ---
--- step 5, read syscall infor and map to memory, totalcallnum: 0 ---
--- step 5.1, syscall is zero, replace exitinst with jmp rtemp3 ---: 0x4018013
--- step 6, init npc to rtemp(5) and takeover_syscall addr to rtemp(6) ---
--- step 789, save registers data of boot program, set testing program registers, start testing ---
runLength is set by checkpoint file: 200000000, warmup: 1000000000
warmup: 1000000000, maxinst: 200000000, period: 1
running log file: sjeng/simpoint1_sjeng_nckpt_1372000000000_len_1200000000_warmup_1000000000_weight16.runlog
sample function addr: 0x10018b6, sp: 0x107e0f8, s0: 0x107f0f8
syscall is overflow, exit.
test program user running info, cycles: 1977828178, insts: 1432916957
test program total running info, cycles: 1977828128, insts: 1432916953
