{"type": "max_inst", "times": 1, "cycles": 2716802925, "inst": 1301504388}
{"type": "event  0", "value": 406730943}
{"type": "event  1", "value": 200004543}
{"type": "event  2", "value": 209676685}
{"type": "event  3", "value": 193659940}
{"type": "event  4", "value": 3453199}
{"type": "event  5", "value": 167182125}
{"type": "event  6", "value": 153296406}
{"type": "event  7", "value": 2951946}
{"type": "event  8", "value": 295092770}
{"type": "event  9", "value": 32855797}
{"type": "event 10", "value": 33181451}
{"type": "event 11", "value": 8902199}
{"type": "event 12", "value": 83961282}
{"type": "event 13", "value": 276119916}
{"type": "event 14", "value": 46649745}
{"type": "event 15", "value": 275073071}
{"type": "event 16", "value": 106316886}
{"type": "event 17", "value": 25340986}
{"type": "event 18", "value": 32613165}
{"type": "event 19", "value": 1115313}
{"type": "event 20", "value": 270446796}
{"type": "event 21", "value": 99107432}
{"type": "event 22", "value": 37176715}
{"type": "event 23", "value": 113294637}
{"type": "event 24", "value": 15228200}
{"type": "event 25", "value": 36928318}
{"type": "event 26", "value": 272398462}
{"type": "event 27", "value": 228143710}
{"type": "event 28", "value": 17010958}
{"type": "event 29", "value": 161576275}
{"type": "event 30", "value": 37221893}
{"type": "event 31", "value": 69819843}
{"type": "event 32", "value": 29525538}
{"type": "event 33", "value": 150775006}
{"type": "event 34", "value": 44357450}
{"type": "event 35", "value": 19238004}
{"type": "event 36", "value": 133061595}
{"type": "event 37", "value": 37994520}
{"type": "event 38", "value": 9473316}
{"type": "event 39", "value": 52743251}
{"type": "event 40", "value": 6711696}
{"type": "event 41", "value": 4920571}
{"type": "event 42", "value": 1203139}
{"type": "event 43", "value": 727039}
{"type": "event 44", "value": 1741779}
{"type": "event 45", "value": 612891}
{"type": "event 46", "value": 725344}
{"type": "event 47", "value": 62237151}
{"type": "event 48", "value": 17294819}
{"type": "event 49", "value": 50523992}
{"type": "event 50", "value": 5752299}
{"type": "event 51", "value": 4087870}
{"type": "event 52", "value": 1110090}
{"type": "event 53", "value": 354321}
{"type": "event 54", "value": 1454415}
{"type": "event 55", "value": 381880}
{"type": "event 56", "value": 679078}
{"type": "event 57", "value": 1325789}
{"type": "event 58", "value": 0}
{"type": "event 59", "value": 11}
{"type": "event 60", "value": 0}
{"type": "event 61", "value": 328723}
{"type": "event 62", "value": 3838364}
{"type": "event 63", "value": 0}
stack addr: 0x3fcf94a9d8
textinfo: 35
--- load elf: alloc text memory: (0x2d8000, 0x459000) ---
sim slice info, start: 639800000000, simNum: 1208262983, rawLength: 200000000, warmup: 1000000000, exitpc: 0x373e88, cause: 2
--- step 1, read npc: 0x3048bc ---
--- step 2, read integer and float registers ---
--- step 3, read memory range information and do map, range num: 7617 ---
the first load information is saved with data map and compressed by fastlz
rawsize: 4724304, compsize: 1402440, infonum: 31113
--- step 4, read first load infor and init them, first load num: 279408 ---
--- step 5, read syscall infor and map to memory, totalcallnum: 160 ---
--- step 6, init npc to rtemp(5) and takeover_syscall addr to rtemp(6) ---
--- step 789, save registers data of boot program, set testing program registers, start testing ---
runLength is set by checkpoint file: 200000000, warmup: 1000000000
warmup: 1000000000, maxinst: 200000000, period: 1
running log file: xalancbmk/simpoint1_xalancbmk_nckpt_640800000000_len_1200000000_warmup_1000000000_weight20.runlog
sample function addr: 0x10018b6, sp: 0x107e0f8, s0: 0x107f0f8
--- exit the last syscall 160, and replace exit pc (0x373e88) with jmp3 ---
syscall is overflow, exit.
test program user running info, cycles: 2732989079, insts: 1311647910
test program total running info, cycles: 2733046888, insts: 1311657816
