{"type": "max_inst", "times": 1, "cycles": 884671897, "inst": 1232195664}
{"type": "event  0", "value": 136563511}
{"type": "event  1", "value": 200001548}
{"type": "event  2", "value": 114750176}
{"type": "event  3", "value": 114673539}
{"type": "event  4", "value": 16663}
{"type": "event  5", "value": 99230517}
{"type": "event  6", "value": 99229465}
{"type": "event  7", "value": 110}
{"type": "event  8", "value": 130684896}
{"type": "event  9", "value": 148381}
{"type": "event 10", "value": 5425064}
{"type": "event 11", "value": 109535}
{"type": "event 12", "value": 909081}
{"type": "event 13", "value": 134741065}
{"type": "event 14", "value": 913365}
{"type": "event 15", "value": 35227989}
{"type": "event 16", "value": 100013051}
{"type": "event 17", "value": 1322471}
{"type": "event 18", "value": 24}
{"type": "event 19", "value": 36764028}
{"type": "event 20", "value": 23743114}
{"type": "event 21", "value": 88346888}
{"type": "event 22", "value": 24473509}
{"type": "event 23", "value": 383645}
{"type": "event 24", "value": 108663}
{"type": "event 25", "value": 1977233}
{"type": "event 26", "value": 135507139}
{"type": "event 27", "value": 46604910}
{"type": "event 28", "value": 3492362}
{"type": "event 29", "value": 86466239}
{"type": "event 30", "value": 165594}
{"type": "event 31", "value": 38834157}
{"type": "event 32", "value": 807274}
{"type": "event 33", "value": 39979903}
{"type": "event 34", "value": 429404}
{"type": "event 35", "value": 197971}
{"type": "event 36", "value": 39618295}
{"type": "event 37", "value": 108709}
{"type": "event 38", "value": 58764}
{"type": "event 39", "value": 16191787}
{"type": "event 40", "value": 19879}
{"type": "event 41", "value": 18161}
{"type": "event 42", "value": 133}
{"type": "event 43", "value": 85846}
{"type": "event 44", "value": 224}
{"type": "event 45", "value": 58}
{"type": "event 46", "value": 22}
{"type": "event 47", "value": 38724884}
{"type": "event 48", "value": 597766}
{"type": "event 49", "value": 16135658}
{"type": "event 50", "value": 15588}
{"type": "event 51", "value": 13881}
{"type": "event 52", "value": 132}
{"type": "event 53", "value": 81180}
{"type": "event 54", "value": 217}
{"type": "event 55", "value": 52}
{"type": "event 56", "value": 21}
{"type": "event 57", "value": 1179}
{"type": "event 58", "value": 0}
{"type": "event 59", "value": 20}
{"type": "event 60", "value": 0}
{"type": "event 61", "value": 9923}
{"type": "event 62", "value": 188190}
{"type": "event 63", "value": 0}
stack addr: 0x3fc7b369e8
textinfo: 8
--- load elf: alloc text memory: (0x204000, 0x33a000) ---
sim slice info, start: 4165600000000, simNum: 167793069, rawLength: 200000000, warmup: 1000000001, exitpc: 0x23e594, cause: 2
--- step 1, read npc: 0x21f72a ---
--- step 2, read integer and float registers ---
--- step 3, read memory range information and do map, range num: 91 ---
the first load information is saved with data map and compressed by fastlz
rawsize: 783344, compsize: 463916, infonum: 346
--- step 4, read first load infor and init them, first load num: 94458 ---
--- step 5, read syscall infor and map to memory, totalcallnum: 0 ---
--- step 5.1, syscall is zero, replace exitinst with jmp rtemp3 ---: 0x4018013
--- step 6, init npc to rtemp(5) and takeover_syscall addr to rtemp(6) ---
--- step 789, save registers data of boot program, set testing program registers, start testing ---
runLength is set by checkpoint file: 200000000, warmup: 1000000001
warmup: 1000000001, maxinst: 200000000, period: 1
running log file: calculix/simpoint1_calculix_nckpt_4166600000000_len_1200000000_warmup_1000000000_weight62.runlog
sample function addr: 0x10018b6, sp: 0x107e0f8, s0: 0x107f0f8
syscall is overflow, exit.
test program user running info, cycles: 3295500347, insts: 4583510186
test program total running info, cycles: 3295500297, insts: 4583510182
