{"type": "max_inst", "times": 1, "cycles": 2459039221, "inst": 1292154194}
{"type": "event  0", "value": 367293769}
{"type": "event  1", "value": 200004094}
{"type": "event  2", "value": 210496935}
{"type": "event  3", "value": 196629070}
{"type": "event  4", "value": 3045278}
{"type": "event  5", "value": 168648522}
{"type": "event  6", "value": 166413913}
{"type": "event  7", "value": 549781}
{"type": "event  8", "value": 280827913}
{"type": "event  9", "value": 31340752}
{"type": "event 10", "value": 25682484}
{"type": "event 11", "value": 7032703}
{"type": "event 12", "value": 73069620}
{"type": "event 13", "value": 253262465}
{"type": "event 14", "value": 40961684}
{"type": "event 15", "value": 223884042}
{"type": "event 16", "value": 117596344}
{"type": "event 17", "value": 25813383}
{"type": "event 18", "value": 17294543}
{"type": "event 19", "value": 1313601}
{"type": "event 20", "value": 218585880}
{"type": "event 21", "value": 107868734}
{"type": "event 22", "value": 40839155}
{"type": "event 23", "value": 63926285}
{"type": "event 24", "value": 57986269}
{"type": "event 25", "value": 39930073}
{"type": "event 26", "value": 275111047}
{"type": "event 27", "value": 188559814}
{"type": "event 28", "value": 17696000}
{"type": "event 29", "value": 161037955}
{"type": "event 30", "value": 24552358}
{"type": "event 31", "value": 57589962}
{"type": "event 32", "value": 44495673}
{"type": "event 33", "value": 157629325}
{"type": "event 34", "value": 49560770}
{"type": "event 35", "value": 22578338}
{"type": "event 36", "value": 96885137}
{"type": "event 37", "value": 5100765}
{"type": "event 38", "value": 3672762}
{"type": "event 39", "value": 34267759}
{"type": "event 40", "value": 5446795}
{"type": "event 41", "value": 3725789}
{"type": "event 42", "value": 711461}
{"type": "event 43", "value": 2068913}
{"type": "event 44", "value": 1075390}
{"type": "event 45", "value": 200758}
{"type": "event 46", "value": 255116}
{"type": "event 47", "value": 45272164}
{"type": "event 48", "value": 32636535}
{"type": "event 49", "value": 30673379}
{"type": "event 50", "value": 4567975}
{"type": "event 51", "value": 3020443}
{"type": "event 52", "value": 596110}
{"type": "event 53", "value": 1572370}
{"type": "event 54", "value": 936482}
{"type": "event 55", "value": 93561}
{"type": "event 56", "value": 233196}
{"type": "event 57", "value": 456470}
{"type": "event 58", "value": 0}
{"type": "event 59", "value": 23}
{"type": "event 60", "value": 0}
{"type": "event 61", "value": 512644}
{"type": "event 62", "value": 5510915}
{"type": "event 63", "value": 0}
stack addr: 0x3fffdf99f8
textinfo: 40
--- load elf: alloc text memory: (0x200000, 0x3f1000) ---
sim slice info, start: 41600000000, simNum: 1200465175, rawLength: 200000000, warmup: 1000000000, exitpc: 0x2be8ce, cause: 2
--- step 1, read npc: 0x338e0e ---
--- step 2, read integer and float registers ---
--- step 3, read memory range information and do map, range num: 323 ---
the first load information is saved with data map and compressed by fastlz
rawsize: 19728800, compsize: 7504016, infonum: 20251
--- step 4, read first load infor and init them, first load num: 2263590 ---
--- step 5, read syscall infor and map to memory, totalcallnum: 73 ---
--- step 6, init npc to rtemp(5) and takeover_syscall addr to rtemp(6) ---
--- step 789, save registers data of boot program, set testing program registers, start testing ---
runLength is set by checkpoint file: 200000000, warmup: 1000000000
warmup: 1000000000, maxinst: 200000000, period: 1
running log file: gcc/simpoint1_gcc_nckpt_42600000000_len_1200000000_warmup_1000000000_weight19.runlog
sample function addr: 0x10018b6, sp: 0x107e0f8, s0: 0x107f0f8
--- exit the last syscall 73, and replace exit pc (0x2be8ce) with jmp3 ---
syscall is overflow, exit.
test program user running info, cycles: 2461537156, insts: 1293728768
test program total running info, cycles: 2462157932, insts: 1293957582
