{"type": "max_inst", "times": 1, "cycles": 2225178276, "inst": 1309529942}
{"type": "event  0", "value": 328162729}
{"type": "event  1", "value": 200003672}
{"type": "event  2", "value": 207468303}
{"type": "event  3", "value": 207390186}
{"type": "event  4", "value": 9705}
{"type": "event  5", "value": 93694326}
{"type": "event  6", "value": 93693881}
{"type": "event  7", "value": 26}
{"type": "event  8", "value": 319849938}
{"type": "event  9", "value": 4600065}
{"type": "event 10", "value": 3540631}
{"type": "event 11", "value": 47873}
{"type": "event 12", "value": 1125115}
{"type": "event 13", "value": 325918980}
{"type": "event 14", "value": 1118634}
{"type": "event 15", "value": 227561811}
{"type": "event 16", "value": 99426177}
{"type": "event 17", "value": 1174741}
{"type": "event 18", "value": 0}
{"type": "event 19", "value": 18197460}
{"type": "event 20", "value": 214333573}
{"type": "event 21", "value": 86187253}
{"type": "event 22", "value": 27641903}
{"type": "event 23", "value": 154577184}
{"type": "event 24", "value": 119702181}
{"type": "event 25", "value": 3850179}
{"type": "event 26", "value": 157616667}
{"type": "event 27", "value": 214288180}
{"type": "event 28", "value": 4351912}
{"type": "event 29", "value": 109522637}
{"type": "event 30", "value": 2831683}
{"type": "event 31", "value": 56679792}
{"type": "event 32", "value": 32042139}
{"type": "event 33", "value": 135409569}
{"type": "event 34", "value": 38908550}
{"type": "event 35", "value": 14381350}
{"type": "event 36", "value": 137106050}
{"type": "event 37", "value": 38616966}
{"type": "event 38", "value": 5473516}
{"type": "event 39", "value": 12943047}
{"type": "event 40", "value": 2101636}
{"type": "event 41", "value": 2101635}
{"type": "event 42", "value": 1}
{"type": "event 43", "value": 2057}
{"type": "event 44", "value": 1586}
{"type": "event 45", "value": 1586}
{"type": "event 46", "value": 0}
{"type": "event 47", "value": 56678267}
{"type": "event 48", "value": 29613356}
{"type": "event 49", "value": 12942959}
{"type": "event 50", "value": 2101249}
{"type": "event 51", "value": 2101249}
{"type": "event 52", "value": 0}
{"type": "event 53", "value": 2053}
{"type": "event 54", "value": 1585}
{"type": "event 55", "value": 1585}
{"type": "event 56", "value": 0}
{"type": "event 57", "value": 530794}
{"type": "event 58", "value": 0}
{"type": "event 59", "value": 0}
{"type": "event 60", "value": 0}
{"type": "event 61", "value": 59}
{"type": "event 62", "value": 15}
{"type": "event 63", "value": 0}
stack addr: 0x3fdbbe29f8
textinfo: 3
--- load elf: alloc text memory: (0x20a000, 0x22c000) ---
sim slice info, start: 786200000000, simNum: 1248529601, rawLength: 200000000, warmup: 1000000000, exitpc: 0x20b3a0, cause: 2
--- step 1, read npc: 0x20c226 ---
--- step 2, read integer and float registers ---
--- step 3, read memory range information and do map, range num: 9 ---
the first load information is saved with data map and compressed by fastlz
rawsize: 31457352, compsize: 31361960, infonum: 11672
rawsize: 31458528, compsize: 30824585, infonum: 17247
rawsize: 31458528, compsize: 30825293, infonum: 17247
rawsize: 31458528, compsize: 30823790, infonum: 17247
rawsize: 31458528, compsize: 30822949, infonum: 17247
rawsize: 11267600, compsize: 11046528, infonum: 4773
--- step 4, read first load infor and init them, first load num: 20215553 ---
--- step 5, read syscall infor and map to memory, totalcallnum: 0 ---
--- step 5.1, syscall is zero, replace exitinst with jmp rtemp3 ---: 0x4018013
--- step 6, init npc to rtemp(5) and takeover_syscall addr to rtemp(6) ---
--- step 789, save registers data of boot program, set testing program registers, start testing ---
runLength is set by checkpoint file: 200000000, warmup: 1000000000
warmup: 1000000000, maxinst: 200000000, period: 1
running log file: milc/simpoint1_milc_nckpt_787200000000_len_1200000000_warmup_1000000000_weight18.runlog
sample function addr: 0x10018b6, sp: 0x107e0f8, s0: 0x107f0f8
syscall is overflow, exit.
test program user running info, cycles: 2294893998, insts: 1361835775
test program total running info, cycles: 2294893948, insts: 1361835771
