{"type": "max_inst", "times": 1, "cycles": 3782245750, "inst": 1337715223}
{"type": "event  0", "value": 562915887}
{"type": "event  1", "value": 200006307}
{"type": "event  2", "value": 273845357}
{"type": "event  3", "value": 266951565}
{"type": "event  4", "value": 1086714}
{"type": "event  5", "value": 179743532}
{"type": "event  6", "value": 162746518}
{"type": "event  7", "value": 3538816}
{"type": "event  8", "value": 370623995}
{"type": "event  9", "value": 73944550}
{"type": "event 10", "value": 28790865}
{"type": "event 11", "value": 6200021}
{"type": "event 12", "value": 129268204}
{"type": "event 13", "value": 369224787}
{"type": "event 14", "value": 64422896}
{"type": "event 15", "value": 408682080}
{"type": "event 16", "value": 120341514}
{"type": "event 17", "value": 33892293}
{"type": "event 18", "value": 11716675}
{"type": "event 19", "value": 81609}
{"type": "event 20", "value": 405374872}
{"type": "event 21", "value": 112666048}
{"type": "event 22", "value": 44874967}
{"type": "event 23", "value": 156632243}
{"type": "event 24", "value": 49454839}
{"type": "event 25", "value": 186485900}
{"type": "event 26", "value": 292994547}
{"type": "event 27", "value": 363288199}
{"type": "event 28", "value": 16541320}
{"type": "event 29", "value": 183086368}
{"type": "event 30", "value": 29498901}
{"type": "event 31", "value": 66216669}
{"type": "event 32", "value": 54658388}
{"type": "event 33", "value": 231769978}
{"type": "event 34", "value": 95477848}
{"type": "event 35", "value": 40586794}
{"type": "event 36", "value": 148286612}
{"type": "event 37", "value": 37038915}
{"type": "event 38", "value": 11778132}
{"type": "event 39", "value": 39195602}
{"type": "event 40", "value": 7878305}
{"type": "event 41", "value": 6602369}
{"type": "event 42", "value": 763541}
{"type": "event 43", "value": 1643136}
{"type": "event 44", "value": 1221396}
{"type": "event 45", "value": 638358}
{"type": "event 46", "value": 379501}
{"type": "event 47", "value": 51425924}
{"type": "event 48", "value": 31324603}
{"type": "event 49", "value": 32952730}
{"type": "event 50", "value": 6521720}
{"type": "event 51", "value": 5303936}
{"type": "event 52", "value": 724583}
{"type": "event 53", "value": 937856}
{"type": "event 54", "value": 879908}
{"type": "event 55", "value": 314275}
{"type": "event 56", "value": 368832}
{"type": "event 57", "value": 2356895}
{"type": "event 58", "value": 0}
{"type": "event 59", "value": 28}
{"type": "event 60", "value": 0}
{"type": "event 61", "value": 864161}
{"type": "event 62", "value": 10252264}
{"type": "event 63", "value": 0}
stack addr: 0x3fff1cb9e8
textinfo: 15
--- load elf: alloc text memory: (0x204000, 0x2f6000) ---
sim slice info, start: 298000000000, simNum: 1211723584, rawLength: 200000000, warmup: 1000000000, exitpc: 0x223632, cause: 2
--- step 1, read npc: 0x2304ea ---
--- step 2, read integer and float registers ---
--- step 3, read memory range information and do map, range num: 155 ---
the first load information is saved with data map and compressed by fastlz
rawsize: 7861984, compsize: 2897508, infonum: 26746
--- step 4, read first load infor and init them, first load num: 715288 ---
--- step 5, read syscall infor and map to memory, totalcallnum: 0 ---
--- step 5.1, syscall is zero, replace exitinst with jmp rtemp3 ---: 0x4018013
--- step 6, init npc to rtemp(5) and takeover_syscall addr to rtemp(6) ---
--- step 789, save registers data of boot program, set testing program registers, start testing ---
runLength is set by checkpoint file: 200000000, warmup: 1000000000
warmup: 1000000000, maxinst: 200000000, period: 1
running log file: omnetpp/simpoint1_omnetpp_nckpt_299000000000_len_1200000000_warmup_1000000000_weight51.runlog
sample function addr: 0x10018b6, sp: 0x107e0f8, s0: 0x107f0f8
syscall is overflow, exit.
test program user running info, cycles: 3821512227, insts: 1352139927
test program total running info, cycles: 3821512177, insts: 1352139923
