{"type": "max_inst", "times": 1, "cycles": 2783923209, "inst": 1328840114}
{"type": "event  0", "value": 414433365}
{"type": "event  1", "value": 200004630}
{"type": "event  2", "value": 237938708}
{"type": "event  3", "value": 230586697}
{"type": "event  4", "value": 1671129}
{"type": "event  5", "value": 159070125}
{"type": "event  6", "value": 156632146}
{"type": "event  7", "value": 343581}
{"type": "event  8", "value": 326049070}
{"type": "event  9", "value": 35984799}
{"type": "event 10", "value": 13284334}
{"type": "event 11", "value": 4960136}
{"type": "event 12", "value": 59382166}
{"type": "event 13", "value": 335832547}
{"type": "event 14", "value": 19218652}
{"type": "event 15", "value": 271977609}
{"type": "event 16", "value": 131818096}
{"type": "event 17", "value": 10637660}
{"type": "event 18", "value": 2019}
{"type": "event 19", "value": 4446394}
{"type": "event 20", "value": 263763357}
{"type": "event 21", "value": 118397023}
{"type": "event 22", "value": 32272985}
{"type": "event 23", "value": 212234739}
{"type": "event 24", "value": 35602945}
{"type": "event 25", "value": 50768548}
{"type": "event 26", "value": 254669814}
{"type": "event 27", "value": 234305076}
{"type": "event 28", "value": 14653917}
{"type": "event 29", "value": 165474372}
{"type": "event 30", "value": 20344674}
{"type": "event 31", "value": 81493822}
{"type": "event 32", "value": 51616220}
{"type": "event 33", "value": 214221544}
{"type": "event 34", "value": 75869302}
{"type": "event 35", "value": 32200827}
{"type": "event 36", "value": 128152576}
{"type": "event 37", "value": 12167697}
{"type": "event 38", "value": 6086215}
{"type": "event 39", "value": 21064265}
{"type": "event 40", "value": 7318567}
{"type": "event 41", "value": 5920868}
{"type": "event 42", "value": 1375331}
{"type": "event 43", "value": 1724550}
{"type": "event 44", "value": 682622}
{"type": "event 45", "value": 152036}
{"type": "event 46", "value": 513143}
{"type": "event 47", "value": 63288695}
{"type": "event 48", "value": 30625098}
{"type": "event 49", "value": 17934192}
{"type": "event 50", "value": 6197295}
{"type": "event 51", "value": 4823787}
{"type": "event 52", "value": 1351784}
{"type": "event 53", "value": 1090198}
{"type": "event 54", "value": 602296}
{"type": "event 55", "value": 84115}
{"type": "event 56", "value": 500790}
{"type": "event 57", "value": 658323}
{"type": "event 58", "value": 0}
{"type": "event 59", "value": 0}
{"type": "event 60", "value": 0}
{"type": "event 61", "value": 1105966}
{"type": "event 62", "value": 11433278}
{"type": "event 63", "value": 0}
stack addr: 0x3fce4d79e8
textinfo: 27
--- load elf: alloc text memory: (0x200000, 0x2e0000) ---
sim slice info, start: 738800000000, simNum: 1319907628, rawLength: 200000000, warmup: 1000000000, exitpc: 0x295980, cause: 2
--- step 1, read npc: 0x22e2a4 ---
--- step 2, read integer and float registers ---
--- step 3, read memory range information and do map, range num: 39 ---
the first load information is saved with data map and compressed by fastlz
rawsize: 169648, compsize: 101928, infonum: 220
--- step 4, read first load infor and init them, first load num: 19006 ---
--- step 5, read syscall infor and map to memory, totalcallnum: 51 ---
--- step 6, init npc to rtemp(5) and takeover_syscall addr to rtemp(6) ---
--- step 789, save registers data of boot program, set testing program registers, start testing ---
runLength is set by checkpoint file: 200000000, warmup: 1000000000
warmup: 1000000000, maxinst: 200000000, period: 1
running log file: povray/simpoint1_povray_nckpt_739800000000_len_1200000000_warmup_1000000000_weight16.runlog
sample function addr: 0x10018b6, sp: 0x107e0f8, s0: 0x107f0f8
--- exit the last syscall 51, and replace exit pc (0x295980) with jmp3 ---
syscall is overflow, exit.
test program user running info, cycles: 3054110152, insts: 1459799868
test program total running info, cycles: 3054487731, insts: 1459947828
