{"type": "max_inst", "times": 1, "cycles": 1782694036, "inst": 1288132387}
{"type": "event  0", "value": 256719718}
{"type": "event  1", "value": 200004823}
{"type": "event  2", "value": 173896762}
{"type": "event  3", "value": 168567167}
{"type": "event  4", "value": 1261910}
{"type": "event  5", "value": 151400166}
{"type": "event  6", "value": 151388591}
{"type": "event  7", "value": 865}
{"type": "event  8", "value": 207423379}
{"type": "event  9", "value": 22747066}
{"type": "event 10", "value": 15239116}
{"type": "event 11", "value": 4538988}
{"type": "event 12", "value": 39055344}
{"type": "event 13", "value": 190687347}
{"type": "event 14", "value": 26977027}
{"type": "event 15", "value": 112550547}
{"type": "event 16", "value": 120358813}
{"type": "event 17", "value": 23810358}
{"type": "event 18", "value": 1404561}
{"type": "event 19", "value": 28264419}
{"type": "event 20", "value": 110301057}
{"type": "event 21", "value": 113565450}
{"type": "event 22", "value": 32853211}
{"type": "event 23", "value": 16921987}
{"type": "event 24", "value": 21895101}
{"type": "event 25", "value": 17195428}
{"type": "event 26", "value": 267322181}
{"type": "event 27", "value": 96988611}
{"type": "event 28", "value": 20012796}
{"type": "event 29", "value": 139718311}
{"type": "event 30", "value": 16481282}
{"type": "event 31", "value": 47056268}
{"type": "event 32", "value": 21094502}
{"type": "event 33", "value": 109523341}
{"type": "event 34", "value": 37433846}
{"type": "event 35", "value": 17900305}
{"type": "event 36", "value": 60591432}
{"type": "event 37", "value": 1769518}
{"type": "event 38", "value": 1725232}
{"type": "event 39", "value": 35348484}
{"type": "event 40", "value": 3172149}
{"type": "event 41", "value": 1748132}
{"type": "event 42", "value": 476184}
{"type": "event 43", "value": 2285512}
{"type": "event 44", "value": 885372}
{"type": "event 45", "value": 22894}
{"type": "event 46", "value": 309333}
{"type": "event 47", "value": 39430134}
{"type": "event 48", "value": 13128091}
{"type": "event 49", "value": 31762465}
{"type": "event 50", "value": 3002013}
{"type": "event 51", "value": 1586253}
{"type": "event 52", "value": 473958}
{"type": "event 53", "value": 1680755}
{"type": "event 54", "value": 880108}
{"type": "event 55", "value": 19991}
{"type": "event 56", "value": 308473}
{"type": "event 57", "value": 77297}
{"type": "event 58", "value": 0}
{"type": "event 59", "value": 1964}
{"type": "event 60", "value": 0}
{"type": "event 61", "value": 174047}
{"type": "event 62", "value": 2582133}
{"type": "event 63", "value": 0}
stack addr: 0x3fe9add9e8
textinfo: 4
--- load elf: alloc text memory: (0x201000, 0x25a000) ---
sim slice info, start: 1371000000000, simNum: 1334363342, rawLength: 200000000, warmup: 1000000000, exitpc: 0x2020c2, cause: 2
--- step 1, read npc: 0x208a82 ---
--- step 2, read integer and float registers ---
--- step 3, read memory range information and do map, range num: 202 ---
the first load information is saved with data map and compressed by fastlz
rawsize: 4648480, compsize: 2566712, infonum: 25192
--- step 4, read first load infor and init them, first load num: 329140 ---
--- step 5, read syscall infor and map to memory, totalcallnum: 0 ---
--- step 5.1, syscall is zero, replace exitinst with jmp rtemp3 ---: 0x4018013
--- step 6, init npc to rtemp(5) and takeover_syscall addr to rtemp(6) ---
--- step 789, save registers data of boot program, set testing program registers, start testing ---
runLength is set by checkpoint file: 200000000, warmup: 1000000000
warmup: 1000000000, maxinst: 200000000, period: 1
running log file: sjeng/simpoint1_sjeng_nckpt_1372000000000_len_1200000000_warmup_1000000000_weight16.runlog
sample function addr: 0x10018b6, sp: 0x107e0f8, s0: 0x107f0f8
syscall is overflow, exit.
test program user running info, cycles: 1980971075, insts: 1432807351
test program total running info, cycles: 1980971025, insts: 1432807347
