{"type": "max_inst", "times": 1, "cycles": 3693701827, "inst": 1334517510}
{"type": "event  0", "value": 550265352}
{"type": "event  1", "value": 200006162}
{"type": "event  2", "value": 42217707}
{"type": "event  3", "value": 54842263}
{"type": "event  4", "value": 223396968}
{"type": "event  5", "value": 88162999}
{"type": "event  6", "value": 39191751}
{"type": "event  7", "value": 150579086}
{"type": "event  8", "value": 39253821}
{"type": "event  9", "value": 11708275}
{"type": "event 10", "value": 51425924}
{"type": "event 11", "value": 31324603}
{"type": "event 12", "value": 2343362}
{"type": "event 13", "value": 0}
{"type": "event 14", "value": 28}
{"type": "event 15", "value": 798780}
{"type": "event 16", "value": 23150385}
{"type": "event 17", "value": 7762049}
{"type": "event 18", "value": 0}
{"type": "event 19", "value": 67183622}
{"type": "event 20", "value": 95743777}
{"type": "event 21", "value": 0}
{"type": "event 22", "value": 11115380}
{"type": "event 23", "value": 0}
{"type": "event 24", "value": 646769}
{"type": "event 25", "value": 8739322}
{"type": "event 26", "value": 80752770}
{"type": "event 27", "value": 51843061}
{"type": "event 28", "value": 51148156}
{"type": "event 29", "value": 27774871}
{"type": "event 30", "value": 0}
{"type": "event 31", "value": 0}
{"type": "event 32", "value": 0}
{"type": "event 33", "value": 0}
{"type": "event 34", "value": 0}
{"type": "event 35", "value": 0}
{"type": "event 36", "value": 0}
{"type": "event 37", "value": 0}
{"type": "event 38", "value": 0}
{"type": "event 39", "value": 0}
{"type": "event 40", "value": 0}
{"type": "event 41", "value": 0}
{"type": "event 42", "value": 0}
{"type": "event 43", "value": 0}
{"type": "event 44", "value": 0}
{"type": "event 45", "value": 0}
{"type": "event 46", "value": 0}
{"type": "event 47", "value": 0}
{"type": "event 48", "value": 0}
{"type": "event 49", "value": 0}
{"type": "event 50", "value": 0}
{"type": "event 51", "value": 0}
{"type": "event 52", "value": 0}
{"type": "event 53", "value": 0}
{"type": "event 54", "value": 0}
{"type": "event 55", "value": 0}
{"type": "event 56", "value": 0}
{"type": "event 57", "value": 0}
{"type": "event 58", "value": 0}
{"type": "event 59", "value": 0}
{"type": "event 60", "value": 0}
{"type": "event 61", "value": 0}
{"type": "event 62", "value": 0}
{"type": "event 63", "value": 0}
stack addr: 0x3feb3b19e8
textinfo: 15
--- load elf: alloc text memory: (0x204000, 0x2f6000) ---
sim slice info, start: 298000000000, simNum: 1211723584, rawLength: 200000000, warmup: 1000000000, exitpc: 0x223632, cause: 2
--- step 1, read npc: 0x2304ea ---
--- step 2, read integer and float registers ---
--- step 3, read memory range information and do map, range num: 155 ---
the first load information is saved with data map and compressed by fastlz
rawsize: 7861984, compsize: 2897508, infonum: 26746
--- step 4, read first load infor and init them, first load num: 715288 ---
--- step 5, read syscall infor and map to memory, totalcallnum: 0 ---
--- step 5.1, syscall is zero, replace exitinst with jmp rtemp3 ---: 0x4018013
--- step 6, init npc to rtemp(5) and takeover_syscall addr to rtemp(6) ---
--- step 789, save registers data of boot program, set testing program registers, start testing ---
runLength is set by checkpoint file: 200000000, warmup: 1000000000
warmup: 1000000000, maxinst: 200000000, period: 1
running log file: omnetpp/simpoint1_omnetpp_nckpt_299000000000_len_1200000000_warmup_1000000000_weight51.runlog
sample function addr: 0x10018b6, sp: 0x107e0f8, s0: 0x107f0f8
syscall is overflow, exit.
test program user running info, cycles: 3732053572, insts: 1348915432
test program total running info, cycles: 3732053522, insts: 1348915428
