{"type": "max_inst", "times": 1, "cycles": 2731467140, "inst": 1302310649}
{"type": "event  0", "value": 413645473}
{"type": "event  1", "value": 200004590}
{"type": "event  2", "value": 39127276}
{"type": "event  3", "value": 48593390}
{"type": "event  4", "value": 246812096}
{"type": "event  5", "value": 126661458}
{"type": "event  6", "value": 56878901}
{"type": "event  7", "value": 80233461}
{"type": "event  8", "value": 6231422}
{"type": "event  9", "value": 2836540}
{"type": "event 10", "value": 46895169}
{"type": "event 11", "value": 22298878}
{"type": "event 12", "value": 89562}
{"type": "event 13", "value": 0}
{"type": "event 14", "value": 1}
{"type": "event 15", "value": 16619}
{"type": "event 16", "value": 17043454}
{"type": "event 17", "value": 3470474}
{"type": "event 18", "value": 0}
{"type": "event 19", "value": 73292887}
{"type": "event 20", "value": 48689252}
{"type": "event 21", "value": 0}
{"type": "event 22", "value": 17383293}
{"type": "event 23", "value": 0}
{"type": "event 24", "value": 592741}
{"type": "event 25", "value": 155425}
{"type": "event 26", "value": 0}
{"type": "event 27", "value": 0}
{"type": "event 28", "value": 0}
{"type": "event 29", "value": 0}
{"type": "event 30", "value": 0}
{"type": "event 31", "value": 0}
{"type": "event 32", "value": 0}
{"type": "event 33", "value": 0}
{"type": "event 34", "value": 0}
{"type": "event 35", "value": 0}
{"type": "event 36", "value": 0}
{"type": "event 37", "value": 0}
{"type": "event 38", "value": 0}
{"type": "event 39", "value": 0}
{"type": "event 40", "value": 0}
{"type": "event 41", "value": 0}
{"type": "event 42", "value": 0}
{"type": "event 43", "value": 0}
{"type": "event 44", "value": 0}
{"type": "event 45", "value": 0}
{"type": "event 46", "value": 0}
{"type": "event 47", "value": 0}
{"type": "event 48", "value": 0}
{"type": "event 49", "value": 0}
{"type": "event 50", "value": 0}
{"type": "event 51", "value": 0}
{"type": "event 52", "value": 0}
{"type": "event 53", "value": 0}
{"type": "event 54", "value": 0}
{"type": "event 55", "value": 0}
{"type": "event 56", "value": 0}
{"type": "event 57", "value": 0}
{"type": "event 58", "value": 0}
{"type": "event 59", "value": 0}
{"type": "event 60", "value": 0}
{"type": "event 61", "value": 0}
{"type": "event 62", "value": 0}
{"type": "event 63", "value": 0}
stack addr: 0x3fc8b719e8
textinfo: 11
--- load elf: alloc text memory: (0x200000, 0x24b000) ---
sim slice info, start: 1138400000000, simNum: 1207368083, rawLength: 200000000, warmup: 1000000000, exitpc: 0x2434ae, cause: 2
--- step 1, read npc: 0x208550 ---
--- step 2, read integer and float registers ---
--- step 3, read memory range information and do map, range num: 30 ---
the first load information is saved with data map and compressed by fastlz
rawsize: 170568, compsize: 92648, infonum: 142
--- step 4, read first load infor and init them, first load num: 19901 ---
--- step 5, read syscall infor and map to memory, totalcallnum: 6 ---
--- step 6, init npc to rtemp(5) and takeover_syscall addr to rtemp(6) ---
--- step 789, save registers data of boot program, set testing program registers, start testing ---
runLength is set by checkpoint file: 200000000, warmup: 1000000000
warmup: 1000000000, maxinst: 200000000, period: 1
running log file: hmmer/simpoint1_hmmer_nckpt_1139400000000_len_1200000000_warmup_1000000000_weight15.runlog
sample function addr: 0x10018b6, sp: 0x107e0f8, s0: 0x107f0f8
--- exit the last syscall 6, and replace exit pc (0x2434ae) with jmp3 ---
syscall is overflow, exit.
test program user running info, cycles: 2750565031, insts: 1311423539
test program total running info, cycles: 2750773247, insts: 1311720610
