{"type": "max_inst", "times": 1, "cycles": 1962352088, "inst": 1272497019}
{"type": "event  0", "value": 298960693}
{"type": "event  1", "value": 200003337}
{"type": "event  2", "value": 204310295}
{"type": "event  3", "value": 204128760}
{"type": "event  4", "value": 33020}
{"type": "event  5", "value": 138747672}
{"type": "event  6", "value": 138747229}
{"type": "event  7", "value": 20}
{"type": "event  8", "value": 269979460}
{"type": "event  9", "value": 7309570}
{"type": "event 10", "value": 6495187}
{"type": "event 11", "value": 2896078}
{"type": "event 12", "value": 30159110}
{"type": "event 13", "value": 256401471}
{"type": "event 14", "value": 12400112}
{"type": "event 15", "value": 156309262}
{"type": "event 16", "value": 131749119}
{"type": "event 17", "value": 10902312}
{"type": "event 18", "value": 590729}
{"type": "event 19", "value": 63680564}
{"type": "event 20", "value": 152640136}
{"type": "event 21", "value": 123585706}
{"type": "event 22", "value": 22734851}
{"type": "event 23", "value": 43700976}
{"type": "event 24", "value": 15063121}
{"type": "event 25", "value": 34040489}
{"type": "event 26", "value": 294647888}
{"type": "event 27", "value": 126025607}
{"type": "event 28", "value": 25845548}
{"type": "event 29", "value": 147089538}
{"type": "event 30", "value": 20071081}
{"type": "event 31", "value": 60837975}
{"type": "event 32", "value": 39781830}
{"type": "event 33", "value": 144417116}
{"type": "event 34", "value": 45592270}
{"type": "event 35", "value": 23137646}
{"type": "event 36", "value": 99049732}
{"type": "event 37", "value": 12608066}
{"type": "event 38", "value": 3227138}
{"type": "event 39", "value": 24348145}
{"type": "event 40", "value": 913664}
{"type": "event 41", "value": 913553}
{"type": "event 42", "value": 0}
{"type": "event 43", "value": 2151377}
{"type": "event 44", "value": 3078}
{"type": "event 45", "value": 3064}
{"type": "event 46", "value": 0}
{"type": "event 47", "value": 46632940}
{"type": "event 48", "value": 18703304}
{"type": "event 49", "value": 19776184}
{"type": "event 50", "value": 698188}
{"type": "event 51", "value": 698078}
{"type": "event 52", "value": 0}
{"type": "event 53", "value": 1842474}
{"type": "event 54", "value": 1754}
{"type": "event 55", "value": 1740}
{"type": "event 56", "value": 0}
{"type": "event 57", "value": 88821}
{"type": "event 58", "value": 0}
{"type": "event 59", "value": 26}
{"type": "event 60", "value": 0}
{"type": "event 61", "value": 698897}
{"type": "event 62", "value": 12184357}
{"type": "event 63", "value": 0}
stack addr: 0x3fd20be9e8
textinfo: 3
--- load elf: alloc text memory: (0x200000, 0x222000) ---
sim slice info, start: 127200000000, simNum: 1631211016, rawLength: 200000000, warmup: 1000000000, exitpc: 0x201db4, cause: 2
--- step 1, read npc: 0x201ee6 ---
--- step 2, read integer and float registers ---
--- step 3, read memory range information and do map, range num: 9 ---
the first load information is saved with data map and compressed by fastlz
rawsize: 4190568, compsize: 1861911, infonum: 1084
--- step 4, read first load infor and init them, first load num: 512981 ---
--- step 5, read syscall infor and map to memory, totalcallnum: 0 ---
--- step 5.1, syscall is zero, replace exitinst with jmp rtemp3 ---: 0x4018013
--- step 6, init npc to rtemp(5) and takeover_syscall addr to rtemp(6) ---
--- step 789, save registers data of boot program, set testing program registers, start testing ---
runLength is set by checkpoint file: 200000000, warmup: 1000000000
warmup: 1000000000, maxinst: 200000000, period: 1
running log file: bzip2/simpoint1_bzip2_nckpt_128200000000_len_1200000000_warmup_1000000000_weight17.runlog
sample function addr: 0x10018b6, sp: 0x107e0f8, s0: 0x107f0f8
syscall is overflow, exit.
test program user running info, cycles: 2682374802, insts: 1731205054
test program total running info, cycles: 2682374752, insts: 1731205050
