{"type": "max_inst", "times": 1, "cycles": 1506908428, "inst": 1254466137}
{"type": "event  0", "value": 229080114}
{"type": "event  1", "value": 200002562}
{"type": "event  2", "value": 145758237}
{"type": "event  3", "value": 145298559}
{"type": "event  4", "value": 60519}
{"type": "event  5", "value": 84910185}
{"type": "event  6", "value": 84812109}
{"type": "event  7", "value": 18054}
{"type": "event  8", "value": 200620977}
{"type": "event  9", "value": 18644296}
{"type": "event 10", "value": 2612297}
{"type": "event 11", "value": 416581}
{"type": "event 12", "value": 9147915}
{"type": "event 13", "value": 218389431}
{"type": "event 14", "value": 1542768}
{"type": "event 15", "value": 125670253}
{"type": "event 16", "value": 102007159}
{"type": "event 17", "value": 1402702}
{"type": "event 18", "value": 57044}
{"type": "event 19", "value": 118377033}
{"type": "event 20", "value": 119756963}
{"type": "event 21", "value": 95503595}
{"type": "event 22", "value": 13819556}
{"type": "event 23", "value": 31350503}
{"type": "event 24", "value": 2288034}
{"type": "event 25", "value": 19163827}
{"type": "event 26", "value": 205011806}
{"type": "event 27", "value": 100139653}
{"type": "event 28", "value": 13157300}
{"type": "event 29", "value": 115783161}
{"type": "event 30", "value": 8964220}
{"type": "event 31", "value": 44893436}
{"type": "event 32", "value": 12039474}
{"type": "event 33", "value": 132339541}
{"type": "event 34", "value": 57609497}
{"type": "event 35", "value": 26764059}
{"type": "event 36", "value": 58200369}
{"type": "event 37", "value": 758585}
{"type": "event 38", "value": 741140}
{"type": "event 39", "value": 11003055}
{"type": "event 40", "value": 4689395}
{"type": "event 41", "value": 4532478}
{"type": "event 42", "value": 92801}
{"type": "event 43", "value": 95578}
{"type": "event 44", "value": 18722}
{"type": "event 45", "value": 13020}
{"type": "event 46", "value": 4972}
{"type": "event 47", "value": 43684310}
{"type": "event 48", "value": 11124026}
{"type": "event 49", "value": 10728131}
{"type": "event 50", "value": 4631079}
{"type": "event 51", "value": 4476894}
{"type": "event 52", "value": 90128}
{"type": "event 53", "value": 92121}
{"type": "event 54", "value": 16178}
{"type": "event 55", "value": 10824}
{"type": "event 56", "value": 4647}
{"type": "event 57", "value": 11961}
{"type": "event 58", "value": 0}
{"type": "event 59", "value": 1}
{"type": "event 60", "value": 0}
{"type": "event 61", "value": 214973}
{"type": "event 62", "value": 2361937}
{"type": "event 63", "value": 0}
stack addr: 0x3fc81959e8
textinfo: 24
--- load elf: alloc text memory: (0x203000, 0x419000) ---
sim slice info, start: 530000000000, simNum: 1768370185, rawLength: 200000000, warmup: 1000000000, exitpc: 0x34ef28, cause: 2
--- step 1, read npc: 0x2d09c2 ---
--- step 2, read integer and float registers ---
--- step 3, read memory range information and do map, range num: 120 ---
the first load information is saved with data map and compressed by fastlz
rawsize: 1365888, compsize: 751927, infonum: 683
--- step 4, read first load infor and init them, first load num: 163906 ---
--- step 5, read syscall infor and map to memory, totalcallnum: 0 ---
--- step 5.1, syscall is zero, replace exitinst with jmp rtemp3 ---: 0x4018013
--- step 6, init npc to rtemp(5) and takeover_syscall addr to rtemp(6) ---
--- step 789, save registers data of boot program, set testing program registers, start testing ---
runLength is set by checkpoint file: 200000000, warmup: 1000000000
warmup: 1000000000, maxinst: 200000000, period: 1
running log file: dealII/simpoint1_dealII_nckpt_531000000000_len_1200000000_warmup_1000000000_weight16.runlog
sample function addr: 0x10018b6, sp: 0x107e0f8, s0: 0x107f0f8
syscall is overflow, exit.
test program user running info, cycles: 2224969472, insts: 1850513009
test program total running info, cycles: 2224969422, insts: 1850513005
