{"type": "max_inst", "times": 1, "cycles": 2458580887, "inst": 1292194752}
{"type": "event  0", "value": 367404390}
{"type": "event  1", "value": 200004080}
{"type": "event  2", "value": 210470171}
{"type": "event  3", "value": 196600450}
{"type": "event  4", "value": 3049981}
{"type": "event  5", "value": 168642499}
{"type": "event  6", "value": 166418745}
{"type": "event  7", "value": 549110}
{"type": "event  8", "value": 280786093}
{"type": "event  9", "value": 31499698}
{"type": "event 10", "value": 25688831}
{"type": "event 11", "value": 7028962}
{"type": "event 12", "value": 73036532}
{"type": "event 13", "value": 253333082}
{"type": "event 14", "value": 41034776}
{"type": "event 15", "value": 223953802}
{"type": "event 16", "value": 117581478}
{"type": "event 17", "value": 25869110}
{"type": "event 18", "value": 17295327}
{"type": "event 19", "value": 1316139}
{"type": "event 20", "value": 218665475}
{"type": "event 21", "value": 107854706}
{"type": "event 22", "value": 40884209}
{"type": "event 23", "value": 63912611}
{"type": "event 24", "value": 58097018}
{"type": "event 25", "value": 39872503}
{"type": "event 26", "value": 275124839}
{"type": "event 27", "value": 188621382}
{"type": "event 28", "value": 17681032}
{"type": "event 29", "value": 161101976}
{"type": "event 30", "value": 24545838}
{"type": "event 31", "value": 57583544}
{"type": "event 32", "value": 44532011}
{"type": "event 33", "value": 157630622}
{"type": "event 34", "value": 49559105}
{"type": "event 35", "value": 22576725}
{"type": "event 36", "value": 96881820}
{"type": "event 37", "value": 5109777}
{"type": "event 38", "value": 3674661}
{"type": "event 39", "value": 34247835}
{"type": "event 40", "value": 5445251}
{"type": "event 41", "value": 3724653}
{"type": "event 42", "value": 710960}
{"type": "event 43", "value": 2066758}
{"type": "event 44", "value": 1077578}
{"type": "event 45", "value": 203285}
{"type": "event 46", "value": 254526}
{"type": "event 47", "value": 45272178}
{"type": "event 48", "value": 32636535}
{"type": "event 49", "value": 30673374}
{"type": "event 50", "value": 4567977}
{"type": "event 51", "value": 3020445}
{"type": "event 52", "value": 596110}
{"type": "event 53", "value": 1573517}
{"type": "event 54", "value": 937353}
{"type": "event 55", "value": 94512}
{"type": "event 56", "value": 232739}
{"type": "event 57", "value": 455925}
{"type": "event 58", "value": 0}
{"type": "event 59", "value": 23}
{"type": "event 60", "value": 0}
{"type": "event 61", "value": 512157}
{"type": "event 62", "value": 5513811}
{"type": "event 63", "value": 0}
stack addr: 0x3fef6b29f8
textinfo: 40
--- load elf: alloc text memory: (0x200000, 0x3f1000) ---
sim slice info, start: 41600000000, simNum: 1200465175, rawLength: 200000000, warmup: 1000000000, exitpc: 0x2be8ce, cause: 2
--- step 1, read npc: 0x338e0e ---
--- step 2, read integer and float registers ---
--- step 3, read memory range information and do map, range num: 323 ---
the first load information is saved with data map and compressed by fastlz
rawsize: 19728800, compsize: 7504016, infonum: 20251
--- step 4, read first load infor and init them, first load num: 2263590 ---
--- step 5, read syscall infor and map to memory, totalcallnum: 73 ---
--- step 6, init npc to rtemp(5) and takeover_syscall addr to rtemp(6) ---
--- step 789, save registers data of boot program, set testing program registers, start testing ---
runLength is set by checkpoint file: 200000000, warmup: 1000000000
warmup: 1000000000, maxinst: 200000000, period: 1
running log file: gcc/simpoint1_gcc_nckpt_42600000000_len_1200000000_warmup_1000000000_weight19.runlog
sample function addr: 0x10018b6, sp: 0x107e0f8, s0: 0x107f0f8
--- exit the last syscall 73, and replace exit pc (0x2be8ce) with jmp3 ---
syscall is overflow, exit.
test program user running info, cycles: 2461072198, insts: 1293753261
test program total running info, cycles: 2461724705, insts: 1293995505
