{"type": "max_inst", "times": 1, "cycles": 1740332663, "inst": 1291531758}
{"type": "event  0", "value": 259920158}
{"type": "event  1", "value": 200002862}
{"type": "event  2", "value": 168693032}
{"type": "event  3", "value": 167801109}
{"type": "event  4", "value": 158962}
{"type": "event  5", "value": 103714810}
{"type": "event  6", "value": 103616076}
{"type": "event  7", "value": 22185}
{"type": "event  8", "value": 228544314}
{"type": "event  9", "value": 15656408}
{"type": "event 10", "value": 3751435}
{"type": "event 11", "value": 1134810}
{"type": "event 12", "value": 18551440}
{"type": "event 13", "value": 236012333}
{"type": "event 14", "value": 5356385}
{"type": "event 15", "value": 144324012}
{"type": "event 16", "value": 111437449}
{"type": "event 17", "value": 4158697}
{"type": "event 18", "value": 63}
{"type": "event 19", "value": 68851599}
{"type": "event 20", "value": 137666994}
{"type": "event 21", "value": 103232844}
{"type": "event 22", "value": 19020320}
{"type": "event 23", "value": 129432549}
{"type": "event 24", "value": 2748549}
{"type": "event 25", "value": 24569961}
{"type": "event 26", "value": 242830437}
{"type": "event 27", "value": 106305182}
{"type": "event 28", "value": 15277787}
{"type": "event 29", "value": 138337189}
{"type": "event 30", "value": 10047609}
{"type": "event 31", "value": 69822545}
{"type": "event 32", "value": 23871497}
{"type": "event 33", "value": 145733939}
{"type": "event 34", "value": 48145442}
{"type": "event 35", "value": 21910434}
{"type": "event 36", "value": 85917436}
{"type": "event 37", "value": 1886008}
{"type": "event 38", "value": 940001}
{"type": "event 39", "value": 10359984}
{"type": "event 40", "value": 5087320}
{"type": "event 41", "value": 2524538}
{"type": "event 42", "value": 2517785}
{"type": "event 43", "value": 358861}
{"type": "event 44", "value": 72748}
{"type": "event 45", "value": 6186}
{"type": "event 46", "value": 35329}
{"type": "event 47", "value": 63120292}
{"type": "event 48", "value": 12340318}
{"type": "event 49", "value": 9798442}
{"type": "event 50", "value": 3931460}
{"type": "event 51", "value": 2080338}
{"type": "event 52", "value": 1806272}
{"type": "event 53", "value": 320589}
{"type": "event 54", "value": 63519}
{"type": "event 55", "value": 5964}
{"type": "event 56", "value": 26456}
{"type": "event 57", "value": 62967}
{"type": "event 58", "value": 0}
{"type": "event 59", "value": 0}
{"type": "event 60", "value": 0}
{"type": "event 61", "value": 586486}
{"type": "event 62", "value": 11205455}
{"type": "event 63", "value": 0}
stack addr: 0x3fee4679e8
textinfo: 11
--- load elf: alloc text memory: (0x201000, 0x26a000) ---
sim slice info, start: 329000000000, simNum: 1396323728, rawLength: 200000000, warmup: 1000000000, exitpc: 0x23cb42, cause: 2
--- step 1, read npc: 0x22a648 ---
--- step 2, read integer and float registers ---
--- step 3, read memory range information and do map, range num: 149 ---
the first load information is saved with data map and compressed by fastlz
rawsize: 3047272, compsize: 1399413, infonum: 1433
--- step 4, read first load infor and init them, first load num: 366579 ---
--- step 5, read syscall infor and map to memory, totalcallnum: 0 ---
--- step 5.1, syscall is zero, replace exitinst with jmp rtemp3 ---: 0x4018013
--- step 6, init npc to rtemp(5) and takeover_syscall addr to rtemp(6) ---
--- step 789, save registers data of boot program, set testing program registers, start testing ---
runLength is set by checkpoint file: 200000000, warmup: 1000000000
warmup: 1000000000, maxinst: 200000000, period: 1
running log file: h264ref/simpoint1_h264ref_nckpt_330000000000_len_1200000000_warmup_1000000000_weight22.runlog
sample function addr: 0x10018b6, sp: 0x107e0f8, s0: 0x107f0f8
syscall is overflow, exit.
test program user running info, cycles: 2013227866, insts: 1500021742
test program total running info, cycles: 2013227816, insts: 1500021738
