{"type": "max_inst", "times": 1, "cycles": 3780360035, "inst": 1337667765}
{"type": "event  0", "value": 562493179}
{"type": "event  1", "value": 200006312}
{"type": "event  2", "value": 273346751}
{"type": "event  3", "value": 266873327}
{"type": "event  4", "value": 1037447}
{"type": "event  5", "value": 179021620}
{"type": "event  6", "value": 161884154}
{"type": "event  7", "value": 3542818}
{"type": "event  8", "value": 369903154}
{"type": "event  9", "value": 74021325}
{"type": "event 10", "value": 28488778}
{"type": "event 11", "value": 6129168}
{"type": "event 12", "value": 128774774}
{"type": "event 13", "value": 370152380}
{"type": "event 14", "value": 63566025}
{"type": "event 15", "value": 408522969}
{"type": "event 16", "value": 120242575}
{"type": "event 17", "value": 33727635}
{"type": "event 18", "value": 11732035}
{"type": "event 19", "value": 90142}
{"type": "event 20", "value": 405212296}
{"type": "event 21", "value": 112585004}
{"type": "event 22", "value": 44695879}
{"type": "event 23", "value": 157274990}
{"type": "event 24", "value": 49300059}
{"type": "event 25", "value": 187335563}
{"type": "event 26", "value": 292672010}
{"type": "event 27", "value": 363099292}
{"type": "event 28", "value": 16478776}
{"type": "event 29", "value": 182915111}
{"type": "event 30", "value": 29528403}
{"type": "event 31", "value": 66142677}
{"type": "event 32", "value": 54557130}
{"type": "event 33", "value": 231605583}
{"type": "event 34", "value": 95355215}
{"type": "event 35", "value": 40579550}
{"type": "event 36", "value": 148336882}
{"type": "event 37", "value": 37098391}
{"type": "event 38", "value": 11789276}
{"type": "event 39", "value": 39156924}
{"type": "event 40", "value": 7874059}
{"type": "event 41", "value": 6592525}
{"type": "event 42", "value": 764736}
{"type": "event 43", "value": 1618659}
{"type": "event 44", "value": 1214502}
{"type": "event 45", "value": 624814}
{"type": "event 46", "value": 382068}
{"type": "event 47", "value": 51425924}
{"type": "event 48", "value": 31324603}
{"type": "event 49", "value": 32952730}
{"type": "event 50", "value": 6521720}
{"type": "event 51", "value": 5303936}
{"type": "event 52", "value": 724583}
{"type": "event 53", "value": 934957}
{"type": "event 54", "value": 873896}
{"type": "event 55", "value": 308408}
{"type": "event 56", "value": 368799}
{"type": "event 57", "value": 2364095}
{"type": "event 58", "value": 0}
{"type": "event 59", "value": 28}
{"type": "event 60", "value": 0}
{"type": "event 61", "value": 862117}
{"type": "event 62", "value": 10258401}
{"type": "event 63", "value": 0}
stack addr: 0x3fc0ed09e8
textinfo: 15
--- load elf: alloc text memory: (0x204000, 0x2f6000) ---
sim slice info, start: 298000000000, simNum: 1211723584, rawLength: 200000000, warmup: 1000000000, exitpc: 0x223632, cause: 2
--- step 1, read npc: 0x2304ea ---
--- step 2, read integer and float registers ---
--- step 3, read memory range information and do map, range num: 155 ---
the first load information is saved with data map and compressed by fastlz
rawsize: 7861984, compsize: 2897508, infonum: 26746
--- step 4, read first load infor and init them, first load num: 715288 ---
--- step 5, read syscall infor and map to memory, totalcallnum: 0 ---
--- step 5.1, syscall is zero, replace exitinst with jmp rtemp3 ---: 0x4018013
--- step 6, init npc to rtemp(5) and takeover_syscall addr to rtemp(6) ---
--- step 789, save registers data of boot program, set testing program registers, start testing ---
runLength is set by checkpoint file: 200000000, warmup: 1000000000
warmup: 1000000000, maxinst: 200000000, period: 1
running log file: omnetpp/simpoint1_omnetpp_nckpt_299000000000_len_1200000000_warmup_1000000000_weight51.runlog
sample function addr: 0x10018b6, sp: 0x107e0f8, s0: 0x107f0f8
syscall is overflow, exit.
test program user running info, cycles: 3819436113, insts: 1352046594
test program total running info, cycles: 3819436063, insts: 1352046590
