{"type": "max_inst", "times": 1, "cycles": 2712946684, "inst": 1297088408}
{"type": "event  0", "value": 414364833}
{"type": "event  1", "value": 200004577}
{"type": "event  2", "value": 238102978}
{"type": "event  3", "value": 230789615}
{"type": "event  4", "value": 1666608}
{"type": "event  5", "value": 158889455}
{"type": "event  6", "value": 156444080}
{"type": "event  7", "value": 342431}
{"type": "event  8", "value": 326373532}
{"type": "event  9", "value": 36181893}
{"type": "event 10", "value": 13317600}
{"type": "event 11", "value": 4957874}
{"type": "event 12", "value": 58929027}
{"type": "event 13", "value": 336154005}
{"type": "event 14", "value": 19281801}
{"type": "event 15", "value": 271926381}
{"type": "event 16", "value": 131794374}
{"type": "event 17", "value": 10644078}
{"type": "event 18", "value": 1071}
{"type": "event 19", "value": 4424483}
{"type": "event 20", "value": 263708478}
{"type": "event 21", "value": 118403128}
{"type": "event 22", "value": 32253227}
{"type": "event 23", "value": 212627954}
{"type": "event 24", "value": 35663122}
{"type": "event 25", "value": 50514222}
{"type": "event 26", "value": 254824047}
{"type": "event 27", "value": 234183918}
{"type": "event 28", "value": 14691219}
{"type": "event 29", "value": 165489696}
{"type": "event 30", "value": 20295440}
{"type": "event 31", "value": 81498151}
{"type": "event 32", "value": 51710690}
{"type": "event 33", "value": 214383801}
{"type": "event 34", "value": 75936700}
{"type": "event 35", "value": 32253181}
{"type": "event 36", "value": 128107053}
{"type": "event 37", "value": 12141267}
{"type": "event 38", "value": 6071379}
{"type": "event 39", "value": 21087365}
{"type": "event 40", "value": 7329342}
{"type": "event 41", "value": 5932191}
{"type": "event 42", "value": 1375094}
{"type": "event 43", "value": 1708998}
{"type": "event 44", "value": 678449}
{"type": "event 45", "value": 147425}
{"type": "event 46", "value": 513655}
{"type": "event 47", "value": 63288680}
{"type": "event 48", "value": 30625092}
{"type": "event 49", "value": 17934187}
{"type": "event 50", "value": 6197291}
{"type": "event 51", "value": 4823784}
{"type": "event 52", "value": 1351783}
{"type": "event 53", "value": 1090956}
{"type": "event 54", "value": 597695}
{"type": "event 55", "value": 79408}
{"type": "event 56", "value": 500947}
{"type": "event 57", "value": 651095}
{"type": "event 58", "value": 0}
{"type": "event 59", "value": 0}
{"type": "event 60", "value": 0}
{"type": "event 61", "value": 1103446}
{"type": "event 62", "value": 11463404}
{"type": "event 63", "value": 0}
stack addr: 0x3ff932d9e8
textinfo: 27
--- load elf: alloc text memory: (0x200000, 0x2e0000) ---
sim slice info, start: 738800000000, simNum: 1319907628, rawLength: 200000000, warmup: 1000000000, exitpc: 0x295980, cause: 2
--- step 1, read npc: 0x22e2a4 ---
--- step 2, read integer and float registers ---
--- step 3, read memory range information and do map, range num: 39 ---
the first load information is saved with data map and compressed by fastlz
rawsize: 169648, compsize: 101928, infonum: 220
--- step 4, read first load infor and init them, first load num: 19006 ---
--- step 5, read syscall infor and map to memory, totalcallnum: 51 ---
--- step 6, init npc to rtemp(5) and takeover_syscall addr to rtemp(6) ---
--- step 789, save registers data of boot program, set testing program registers, start testing ---
runLength is set by checkpoint file: 200000000, warmup: 1000000000
warmup: 1000000000, maxinst: 200000000, period: 1
running log file: povray/simpoint1_povray_nckpt_739800000000_len_1200000000_warmup_1000000000_weight16.runlog
sample function addr: 0x10018b6, sp: 0x107e0f8, s0: 0x107f0f8
--- exit the last syscall 51, and replace exit pc (0x295980) with jmp3 ---
syscall is overflow, exit.
test program user running info, cycles: 2981860366, insts: 1427785972
test program total running info, cycles: 2982254953, insts: 1427940657
