{"type": "max_inst", "times": 1, "cycles": 1779153037, "inst": 1287716499}
{"type": "event  0", "value": 256635910}
{"type": "event  1", "value": 200004804}
{"type": "event  2", "value": 173828894}
{"type": "event  3", "value": 168499170}
{"type": "event  4", "value": 1262480}
{"type": "event  5", "value": 151316605}
{"type": "event  6", "value": 151303807}
{"type": "event  7", "value": 1132}
{"type": "event  8", "value": 207378003}
{"type": "event  9", "value": 22748556}
{"type": "event 10", "value": 15193236}
{"type": "event 11", "value": 4531768}
{"type": "event 12", "value": 39050418}
{"type": "event 13", "value": 190597116}
{"type": "event 14", "value": 26988376}
{"type": "event 15", "value": 112581038}
{"type": "event 16", "value": 120254799}
{"type": "event 17", "value": 23800073}
{"type": "event 18", "value": 1410238}
{"type": "event 19", "value": 28288733}
{"type": "event 20", "value": 110329260}
{"type": "event 21", "value": 113467662}
{"type": "event 22", "value": 32838988}
{"type": "event 23", "value": 16999528}
{"type": "event 24", "value": 21836610}
{"type": "event 25", "value": 17188642}
{"type": "event 26", "value": 267125997}
{"type": "event 27", "value": 96981193}
{"type": "event 28", "value": 19980582}
{"type": "event 29", "value": 139674135}
{"type": "event 30", "value": 16456719}
{"type": "event 31", "value": 47017234}
{"type": "event 32", "value": 21065796}
{"type": "event 33", "value": 109477709}
{"type": "event 34", "value": 37424868}
{"type": "event 35", "value": 17898168}
{"type": "event 36", "value": 60517641}
{"type": "event 37", "value": 1737783}
{"type": "event 38", "value": 1714233}
{"type": "event 39", "value": 35337450}
{"type": "event 40", "value": 3172140}
{"type": "event 41", "value": 1748294}
{"type": "event 42", "value": 476049}
{"type": "event 43", "value": 2275193}
{"type": "event 44", "value": 884737}
{"type": "event 45", "value": 22530}
{"type": "event 46", "value": 309198}
{"type": "event 47", "value": 39430133}
{"type": "event 48", "value": 13128092}
{"type": "event 49", "value": 31762464}
{"type": "event 50", "value": 3002013}
{"type": "event 51", "value": 1586253}
{"type": "event 52", "value": 473958}
{"type": "event 53", "value": 1672847}
{"type": "event 54", "value": 879598}
{"type": "event 55", "value": 19701}
{"type": "event 56", "value": 308472}
{"type": "event 57", "value": 77106}
{"type": "event 58", "value": 0}
{"type": "event 59", "value": 1964}
{"type": "event 60", "value": 0}
{"type": "event 61", "value": 174753}
{"type": "event 62", "value": 2595698}
{"type": "event 63", "value": 0}
stack addr: 0x3fda2a99e8
textinfo: 4
--- load elf: alloc text memory: (0x201000, 0x25a000) ---
sim slice info, start: 1371000000000, simNum: 1334363342, rawLength: 200000000, warmup: 1000000000, exitpc: 0x2020c2, cause: 2
--- step 1, read npc: 0x208a82 ---
--- step 2, read integer and float registers ---
--- step 3, read memory range information and do map, range num: 202 ---
the first load information is saved with data map and compressed by fastlz
rawsize: 4648480, compsize: 2566712, infonum: 25192
--- step 4, read first load infor and init them, first load num: 329140 ---
--- step 5, read syscall infor and map to memory, totalcallnum: 0 ---
--- step 5.1, syscall is zero, replace exitinst with jmp rtemp3 ---: 0x4018013
--- step 6, init npc to rtemp(5) and takeover_syscall addr to rtemp(6) ---
--- step 789, save registers data of boot program, set testing program registers, start testing ---
runLength is set by checkpoint file: 200000000, warmup: 1000000000
warmup: 1000000000, maxinst: 200000000, period: 1
running log file: sjeng/simpoint1_sjeng_nckpt_1372000000000_len_1200000000_warmup_1000000000_weight16.runlog
sample function addr: 0x10018b6, sp: 0x107e0f8, s0: 0x107f0f8
syscall is overflow, exit.
test program user running info, cycles: 1977011318, insts: 1432294147
test program total running info, cycles: 1977011268, insts: 1432294143
