{"type": "max_inst", "times": 1, "cycles": 2436492086, "inst": 1320612606}
{"type": "event  0", "value": 345192312}
{"type": "event  1", "value": 200006219}
{"type": "event  2", "value": 10589844}
{"type": "event  3", "value": 21418093}
{"type": "event  4", "value": 129710174}
{"type": "event  5", "value": 34681128}
{"type": "event  6", "value": 16081958}
{"type": "event  7", "value": 91782264}
{"type": "event  8", "value": 6501771}
{"type": "event  9", "value": 7102430}
{"type": "event 10", "value": 53218843}
{"type": "event 11", "value": 19789504}
{"type": "event 12", "value": 4325489}
{"type": "event 13", "value": 0}
{"type": "event 14", "value": 2428}
{"type": "event 15", "value": 17729}
{"type": "event 16", "value": 42722025}
{"type": "event 17", "value": 653302}
{"type": "event 18", "value": 0}
{"type": "event 19", "value": 32780433}
{"type": "event 20", "value": 113633788}
{"type": "event 21", "value": 0}
{"type": "event 22", "value": 15212}
{"type": "event 23", "value": 0}
{"type": "event 24", "value": 8}
{"type": "event 25", "value": 172595}
{"type": "event 26", "value": 0}
{"type": "event 27", "value": 0}
{"type": "event 28", "value": 0}
{"type": "event 29", "value": 0}
{"type": "event 30", "value": 0}
{"type": "event 31", "value": 0}
{"type": "event 32", "value": 0}
{"type": "event 33", "value": 0}
{"type": "event 34", "value": 0}
{"type": "event 35", "value": 0}
{"type": "event 36", "value": 0}
{"type": "event 37", "value": 0}
{"type": "event 38", "value": 0}
{"type": "event 39", "value": 0}
{"type": "event 40", "value": 0}
{"type": "event 41", "value": 0}
{"type": "event 42", "value": 0}
{"type": "event 43", "value": 0}
{"type": "event 44", "value": 0}
{"type": "event 45", "value": 0}
{"type": "event 46", "value": 0}
{"type": "event 47", "value": 0}
{"type": "event 48", "value": 0}
{"type": "event 49", "value": 0}
{"type": "event 50", "value": 0}
{"type": "event 51", "value": 0}
{"type": "event 52", "value": 0}
{"type": "event 53", "value": 0}
{"type": "event 54", "value": 0}
{"type": "event 55", "value": 0}
{"type": "event 56", "value": 0}
{"type": "event 57", "value": 0}
{"type": "event 58", "value": 0}
{"type": "event 59", "value": 0}
{"type": "event 60", "value": 0}
{"type": "event 61", "value": 0}
{"type": "event 62", "value": 0}
{"type": "event 63", "value": 0}
stack addr: 0x3fcc7d89d8
textinfo: 17
--- load elf: alloc text memory: (0x204000, 0x2c8000) ---
sim slice info, start: 1340600000000, simNum: 4098594290, rawLength: 200000000, warmup: 1000000000, exitpc: 0x2078b8, cause: 2
--- step 1, read npc: 0x20725e ---
--- step 2, read integer and float registers ---
--- step 3, read memory range information and do map, range num: 46 ---
the first load information is saved with data map and compressed by fastlz
rawsize: 31457560, compsize: 16729002, infonum: 7703
rawsize: 31459168, compsize: 17848257, infonum: 7654
rawsize: 31459152, compsize: 17692294, infonum: 7654
rawsize: 31457792, compsize: 30708590, infonum: 7753
rawsize: 31459704, compsize: 31279558, infonum: 7753
rawsize: 31458968, compsize: 30688820, infonum: 7753
rawsize: 31459704, compsize: 30338884, infonum: 7753
rawsize: 31458384, compsize: 24407168, infonum: 7712
rawsize: 8009568, compsize: 228346, infonum: 1918
--- step 4, read first load infor and init them, first load num: 31823470 ---
--- step 5, read syscall infor and map to memory, totalcallnum: 9 ---
--- step 6, init npc to rtemp(5) and takeover_syscall addr to rtemp(6) ---
--- step 789, save registers data of boot program, set testing program registers, start testing ---
runLength is set by checkpoint file: 200000000, warmup: 1000000000
warmup: 1000000000, maxinst: 200000000, period: 1
running log file: cactusADM/simpoint1_cactusADM_nckpt_1341600000000_len_1200000000_warmup_1000000000_weight61.runlog
sample function addr: 0x10018b6, sp: 0x107e0f8, s0: 0x107f0f8
--- exit the last syscall 9, and replace exit pc (0x2078b8) with jmp3 ---
syscall is overflow, exit.
test program user running info, cycles: 8175545020, insts: 4479159285
test program total running info, cycles: 8175632971, insts: 4479194100
