{"type": "max_inst", "times": 1, "cycles": 2499204869, "inst": 1289140756}
{"type": "event  0", "value": 407821737}
{"type": "event  1", "value": 200004596}
{"type": "event  2", "value": 242240}
{"type": "event  3", "value": 28039523}
{"type": "event  4", "value": 56193892}
{"type": "event  5", "value": 387769}
{"type": "event  6", "value": 155285}
{"type": "event  7", "value": 264742617}
{"type": "event  8", "value": 159026406}
{"type": "event  9", "value": 10016029}
{"type": "event 10", "value": 39722636}
{"type": "event 11", "value": 14881857}
{"type": "event 12", "value": 155235}
{"type": "event 13", "value": 0}
{"type": "event 14", "value": 0}
{"type": "event 15", "value": 102}
{"type": "event 16", "value": 40346643}
{"type": "event 17", "value": 183812}
{"type": "event 18", "value": 0}
{"type": "event 19", "value": 190107}
{"type": "event 20", "value": 306304765}
{"type": "event 21", "value": 0}
{"type": "event 22", "value": 40617512}
{"type": "event 23", "value": 0}
{"type": "event 24", "value": 0}
{"type": "event 25", "value": 84}
{"type": "event 26", "value": 0}
{"type": "event 27", "value": 0}
{"type": "event 28", "value": 0}
{"type": "event 29", "value": 0}
{"type": "event 30", "value": 0}
{"type": "event 31", "value": 0}
{"type": "event 32", "value": 0}
{"type": "event 33", "value": 0}
{"type": "event 34", "value": 0}
{"type": "event 35", "value": 0}
{"type": "event 36", "value": 0}
{"type": "event 37", "value": 0}
{"type": "event 38", "value": 0}
{"type": "event 39", "value": 0}
{"type": "event 40", "value": 0}
{"type": "event 41", "value": 0}
{"type": "event 42", "value": 0}
{"type": "event 43", "value": 0}
{"type": "event 44", "value": 0}
{"type": "event 45", "value": 0}
{"type": "event 46", "value": 0}
{"type": "event 47", "value": 0}
{"type": "event 48", "value": 0}
{"type": "event 49", "value": 0}
{"type": "event 50", "value": 0}
{"type": "event 51", "value": 0}
{"type": "event 52", "value": 0}
{"type": "event 53", "value": 0}
{"type": "event 54", "value": 0}
{"type": "event 55", "value": 0}
{"type": "event 56", "value": 0}
{"type": "event 57", "value": 0}
{"type": "event 58", "value": 0}
{"type": "event 59", "value": 0}
{"type": "event 60", "value": 0}
{"type": "event 61", "value": 0}
{"type": "event 62", "value": 0}
{"type": "event 63", "value": 0}
stack addr: 0x3fd90089d8
textinfo: 1
--- load elf: alloc text memory: (0x200000, 0x206000) ---
sim slice info, start: 622000000000, simNum: 1293689461, rawLength: 200000000, warmup: 1000000000, exitpc: 0x202ed4, cause: 2
--- step 1, read npc: 0x203740 ---
--- step 2, read integer and float registers ---
--- step 3, read memory range information and do map, range num: 3 ---
the first load information is saved with data map and compressed by fastlz
rawsize: 17432888, compsize: 11987743, infonum: 8194
--- step 4, read first load infor and init them, first load num: 2097171 ---
--- step 5, read syscall infor and map to memory, totalcallnum: 0 ---
--- step 5.1, syscall is zero, replace exitinst with jmp rtemp3 ---: 0x4018013
--- step 6, init npc to rtemp(5) and takeover_syscall addr to rtemp(6) ---
--- step 789, save registers data of boot program, set testing program registers, start testing ---
runLength is set by checkpoint file: 200000000, warmup: 1000000000
warmup: 1000000000, maxinst: 200000000, period: 1
running log file: libquantum/simpoint1_libquantum_nckpt_623000000000_len_1200000000_warmup_1000000000_weight14.runlog
sample function addr: 0x10018b6, sp: 0x107e0f8, s0: 0x107f0f8
syscall is overflow, exit.
test program user running info, cycles: 2716288417, insts: 1392205796
test program total running info, cycles: 2716288367, insts: 1392205792
