{"type": "max_inst", "times": 1, "cycles": 2707567358, "inst": 1297329082}
{"type": "event  0", "value": 412082714}
{"type": "event  1", "value": 200004591}
{"type": "event  2", "value": 52245004}
{"type": "event  3", "value": 51465610}
{"type": "event  4", "value": 209007534}
{"type": "event  5", "value": 69707911}
{"type": "event  6", "value": 31320198}
{"type": "event  7", "value": 125614416}
{"type": "event  8", "value": 12199996}
{"type": "event  9", "value": 6020642}
{"type": "event 10", "value": 63288695}
{"type": "event 11", "value": 30625098}
{"type": "event 12", "value": 636275}
{"type": "event 13", "value": 0}
{"type": "event 14", "value": 0}
{"type": "event 15", "value": 1143084}
{"type": "event 16", "value": 30318356}
{"type": "event 17", "value": 8625005}
{"type": "event 18", "value": 0}
{"type": "event 19", "value": 48420914}
{"type": "event 20", "value": 148928284}
{"type": "event 21", "value": 0}
{"type": "event 22", "value": 8666586}
{"type": "event 23", "value": 0}
{"type": "event 24", "value": 125292}
{"type": "event 25", "value": 12083718}
{"type": "event 26", "value": 0}
{"type": "event 27", "value": 0}
{"type": "event 28", "value": 0}
{"type": "event 29", "value": 0}
{"type": "event 30", "value": 0}
{"type": "event 31", "value": 0}
{"type": "event 32", "value": 0}
{"type": "event 33", "value": 0}
{"type": "event 34", "value": 0}
{"type": "event 35", "value": 0}
{"type": "event 36", "value": 0}
{"type": "event 37", "value": 0}
{"type": "event 38", "value": 0}
{"type": "event 39", "value": 0}
{"type": "event 40", "value": 0}
{"type": "event 41", "value": 0}
{"type": "event 42", "value": 0}
{"type": "event 43", "value": 0}
{"type": "event 44", "value": 0}
{"type": "event 45", "value": 0}
{"type": "event 46", "value": 0}
{"type": "event 47", "value": 0}
{"type": "event 48", "value": 0}
{"type": "event 49", "value": 0}
{"type": "event 50", "value": 0}
{"type": "event 51", "value": 0}
{"type": "event 52", "value": 0}
{"type": "event 53", "value": 0}
{"type": "event 54", "value": 0}
{"type": "event 55", "value": 0}
{"type": "event 56", "value": 0}
{"type": "event 57", "value": 0}
{"type": "event 58", "value": 0}
{"type": "event 59", "value": 0}
{"type": "event 60", "value": 0}
{"type": "event 61", "value": 0}
{"type": "event 62", "value": 0}
{"type": "event 63", "value": 0}
stack addr: 0x3fdf0bb9e8
textinfo: 27
--- load elf: alloc text memory: (0x200000, 0x2e0000) ---
sim slice info, start: 738800000000, simNum: 1319907628, rawLength: 200000000, warmup: 1000000000, exitpc: 0x295980, cause: 2
--- step 1, read npc: 0x22e2a4 ---
--- step 2, read integer and float registers ---
--- step 3, read memory range information and do map, range num: 39 ---
the first load information is saved with data map and compressed by fastlz
rawsize: 169648, compsize: 101928, infonum: 220
--- step 4, read first load infor and init them, first load num: 19006 ---
--- step 5, read syscall infor and map to memory, totalcallnum: 51 ---
--- step 6, init npc to rtemp(5) and takeover_syscall addr to rtemp(6) ---
--- step 789, save registers data of boot program, set testing program registers, start testing ---
runLength is set by checkpoint file: 200000000, warmup: 1000000000
warmup: 1000000000, maxinst: 200000000, period: 1
running log file: povray/simpoint1_povray_nckpt_739800000000_len_1200000000_warmup_1000000000_weight16.runlog
sample function addr: 0x10018b6, sp: 0x107e0f8, s0: 0x107f0f8
--- exit the last syscall 51, and replace exit pc (0x295980) with jmp3 ---
syscall is overflow, exit.
test program user running info, cycles: 2974881322, insts: 1427721911
test program total running info, cycles: 2975313300, insts: 1427889954
