{"type": "max_inst", "times": 1, "cycles": 2434393305, "inst": 1291546068}
{"type": "event  0", "value": 361742084}
{"type": "event  1", "value": 200004033}
{"type": "event  2", "value": 33635113}
{"type": "event  3", "value": 45102533}
{"type": "event  4", "value": 154031701}
{"type": "event  5", "value": 46194295}
{"type": "event  6", "value": 22179429}
{"type": "event  7", "value": 96115212}
{"type": "event  8", "value": 5254493}
{"type": "event  9", "value": 3669206}
{"type": "event 10", "value": 45272179}
{"type": "event 11", "value": 32636537}
{"type": "event 12", "value": 454525}
{"type": "event 13", "value": 0}
{"type": "event 14", "value": 23}
{"type": "event 15", "value": 518446}
{"type": "event 16", "value": 24748717}
{"type": "event 17", "value": 6349942}
{"type": "event 18", "value": 0}
{"type": "event 19", "value": 35750139}
{"type": "event 20", "value": 59776983}
{"type": "event 21", "value": 0}
{"type": "event 22", "value": 8708875}
{"type": "event 23", "value": 0}
{"type": "event 24", "value": 314549}
{"type": "event 25", "value": 5602105}
{"type": "event 26", "value": 0}
{"type": "event 27", "value": 0}
{"type": "event 28", "value": 0}
{"type": "event 29", "value": 0}
{"type": "event 30", "value": 0}
{"type": "event 31", "value": 0}
{"type": "event 32", "value": 0}
{"type": "event 33", "value": 0}
{"type": "event 34", "value": 0}
{"type": "event 35", "value": 0}
{"type": "event 36", "value": 0}
{"type": "event 37", "value": 0}
{"type": "event 38", "value": 0}
{"type": "event 39", "value": 0}
{"type": "event 40", "value": 0}
{"type": "event 41", "value": 0}
{"type": "event 42", "value": 0}
{"type": "event 43", "value": 0}
{"type": "event 44", "value": 0}
{"type": "event 45", "value": 0}
{"type": "event 46", "value": 0}
{"type": "event 47", "value": 0}
{"type": "event 48", "value": 0}
{"type": "event 49", "value": 0}
{"type": "event 50", "value": 0}
{"type": "event 51", "value": 0}
{"type": "event 52", "value": 0}
{"type": "event 53", "value": 0}
{"type": "event 54", "value": 0}
{"type": "event 55", "value": 0}
{"type": "event 56", "value": 0}
{"type": "event 57", "value": 0}
{"type": "event 58", "value": 0}
{"type": "event 59", "value": 0}
{"type": "event 60", "value": 0}
{"type": "event 61", "value": 0}
{"type": "event 62", "value": 0}
{"type": "event 63", "value": 0}
stack addr: 0x3fd5e289f8
textinfo: 40
--- load elf: alloc text memory: (0x200000, 0x3f1000) ---
sim slice info, start: 41600000000, simNum: 1200465175, rawLength: 200000000, warmup: 1000000000, exitpc: 0x2be8ce, cause: 2
--- step 1, read npc: 0x338e0e ---
--- step 2, read integer and float registers ---
--- step 3, read memory range information and do map, range num: 323 ---
the first load information is saved with data map and compressed by fastlz
rawsize: 19728800, compsize: 7504016, infonum: 20251
--- step 4, read first load infor and init them, first load num: 2263590 ---
--- step 5, read syscall infor and map to memory, totalcallnum: 73 ---
--- step 6, init npc to rtemp(5) and takeover_syscall addr to rtemp(6) ---
--- step 789, save registers data of boot program, set testing program registers, start testing ---
runLength is set by checkpoint file: 200000000, warmup: 1000000000
warmup: 1000000000, maxinst: 200000000, period: 1
running log file: gcc/simpoint1_gcc_nckpt_42600000000_len_1200000000_warmup_1000000000_weight19.runlog
sample function addr: 0x10018b6, sp: 0x107e0f8, s0: 0x107f0f8
--- exit the last syscall 73, and replace exit pc (0x2be8ce) with jmp3 ---
syscall is overflow, exit.
test program user running info, cycles: 2436953053, insts: 1293116287
test program total running info, cycles: 2437546916, insts: 1293333699
