{"type": "max_inst", "times": 1, "cycles": 1763315182, "inst": 1287364333}
{"type": "event  0", "value": 253738039}
{"type": "event  1", "value": 200004783}
{"type": "event  2", "value": 32317581}
{"type": "event  3", "value": 20924972}
{"type": "event  4", "value": 107994066}
{"type": "event  5", "value": 35425483}
{"type": "event  6", "value": 17756430}
{"type": "event  7", "value": 59943927}
{"type": "event  8", "value": 1787629}
{"type": "event  9", "value": 1711228}
{"type": "event 10", "value": 39430134}
{"type": "event 11", "value": 13128091}
{"type": "event 12", "value": 77023}
{"type": "event 13", "value": 0}
{"type": "event 14", "value": 1964}
{"type": "event 15", "value": 176140}
{"type": "event 16", "value": 14922950}
{"type": "event 17", "value": 7231613}
{"type": "event 18", "value": 0}
{"type": "event 19", "value": 27678800}
{"type": "event 20", "value": 28506636}
{"type": "event 21", "value": 0}
{"type": "event 22", "value": 5764560}
{"type": "event 23", "value": 0}
{"type": "event 24", "value": 51210}
{"type": "event 25", "value": 2370206}
{"type": "event 26", "value": 59616155}
{"type": "event 27", "value": 32361087}
{"type": "event 28", "value": 24692800}
{"type": "event 29", "value": 11404974}
{"type": "event 30", "value": 0}
{"type": "event 31", "value": 0}
{"type": "event 32", "value": 0}
{"type": "event 33", "value": 0}
{"type": "event 34", "value": 0}
{"type": "event 35", "value": 0}
{"type": "event 36", "value": 0}
{"type": "event 37", "value": 0}
{"type": "event 38", "value": 0}
{"type": "event 39", "value": 0}
{"type": "event 40", "value": 0}
{"type": "event 41", "value": 0}
{"type": "event 42", "value": 0}
{"type": "event 43", "value": 0}
{"type": "event 44", "value": 0}
{"type": "event 45", "value": 0}
{"type": "event 46", "value": 0}
{"type": "event 47", "value": 0}
{"type": "event 48", "value": 0}
{"type": "event 49", "value": 0}
{"type": "event 50", "value": 0}
{"type": "event 51", "value": 0}
{"type": "event 52", "value": 0}
{"type": "event 53", "value": 0}
{"type": "event 54", "value": 0}
{"type": "event 55", "value": 0}
{"type": "event 56", "value": 0}
{"type": "event 57", "value": 0}
{"type": "event 58", "value": 0}
{"type": "event 59", "value": 0}
{"type": "event 60", "value": 0}
{"type": "event 61", "value": 0}
{"type": "event 62", "value": 0}
{"type": "event 63", "value": 0}
stack addr: 0x3ff326c9e8
textinfo: 4
--- load elf: alloc text memory: (0x201000, 0x25a000) ---
sim slice info, start: 1371000000000, simNum: 1334363342, rawLength: 200000000, warmup: 1000000000, exitpc: 0x2020c2, cause: 2
--- step 1, read npc: 0x208a82 ---
--- step 2, read integer and float registers ---
--- step 3, read memory range information and do map, range num: 202 ---
the first load information is saved with data map and compressed by fastlz
rawsize: 4648480, compsize: 2566712, infonum: 25192
--- step 4, read first load infor and init them, first load num: 329140 ---
--- step 5, read syscall infor and map to memory, totalcallnum: 0 ---
--- step 5.1, syscall is zero, replace exitinst with jmp rtemp3 ---: 0x4018013
--- step 6, init npc to rtemp(5) and takeover_syscall addr to rtemp(6) ---
--- step 789, save registers data of boot program, set testing program registers, start testing ---
runLength is set by checkpoint file: 200000000, warmup: 1000000000
warmup: 1000000000, maxinst: 200000000, period: 1
running log file: sjeng/simpoint1_sjeng_nckpt_1372000000000_len_1200000000_warmup_1000000000_weight16.runlog
sample function addr: 0x10018b6, sp: 0x107e0f8, s0: 0x107f0f8
syscall is overflow, exit.
test program user running info, cycles: 1958961473, insts: 1431756636
test program total running info, cycles: 1958961423, insts: 1431756632
